17:16:37 **** Incremental Build of configuration Debug for project BELIVE ****
make -j4 all 
arm-none-eabi-gcc "../Core/Src/main.c" -mcpu=cortex-m4 -std=gnu11 -g3 -DDEBUG -DUSE_HAL_DRIVER -DSTM32F429xx -c -I../Core/Inc -I../Drivers/BSP/STM32F429I-Discovery -I../Drivers/STM32F4xx_HAL_Driver/Inc -I../Drivers/STM32F4xx_HAL_Driver/Inc/Legacy -I../Drivers/CMSIS/Device/ST/STM32F4xx/Include -I../Drivers/CMSIS/Include -I../Utilites/Log -I../USB_HOST/App -I../USB_HOST/Target -I../Middlewares/Third_Party/FreeRTOS/Source/include -I../Middlewares/Third_Party/FreeRTOS/Source/CMSIS_RTOS -I../Middlewares/Third_Party/FreeRTOS/Source/portable/GCC/ARM_CM4F -I../Middlewares/ST/STM32_USB_Host_Library/Core/Inc -I../Middlewares/ST/STM32_USB_Host_Library/Class/CDC/Inc -O0 -ffunction-sections -fdata-sections -Wall -fstack-usage -fcyclomatic-complexity -MMD -MP -MF"Core/Src/main.d" -MT"Core/Src/main.o" --specs=nano.specs -mfpu=fpv4-sp-d16 -mfloat-abi=hard -mthumb -o "Core/Src/main.o"
../Core/Src/main.c: In function 'Display_DemoDescription':
../Core/Src/main.c:336:4: warning: implicit declaration of function 'sprintf' [-Wimplicit-function-declaration]
  336 |    sprintf(minuta_str, "%d", minuta);
      |    ^~~~~~~
../Core/Src/main.c:336:4: warning: incompatible implicit declaration of built-in function 'sprintf'
../Core/Src/main.c:22:1: note: include '<stdio.h>' or provide a declaration of 'sprintf'
   21 | #include "stm32f429i_discovery_lcd.h"
  +++ |+#include <stdio.h>
   22 | /* Private includes ----------------------------------------------------------*/
../Core/Src/main.c:283:11: warning: unused variable 'pozycja' [-Wunused-variable]
  283 |   int16_t pozycja = 5;
      |           ^~~~~~~
../Core/Src/main.c:278:11: warning: unused variable 'desc' [-Wunused-variable]
  278 |   uint8_t desc[50];
      |           ^~~~
arm-none-eabi-gcc -o "BELIVE.elf" @"objects.list"   -mcpu=cortex-m4 -T"/home/zabolski_m_ext/komit/Str-3db7faa9c449696de3d6491783178a48c6be424a/BELIVE/BELIVE/STM32F429ZITX_FLASH.ld" --specs=nosys.specs -Wl,-Map="BELIVE.map" -Wl,--gc-sections -static --specs=nano.specs -mfpu=fpv4-sp-d16 -mfloat-abi=hard -mthumb -Wl,--start-group -lc -lm -Wl,--end-group
Finished building target: BELIVE.elf
 
arm-none-eabi-size   BELIVE.elf 
arm-none-eabi-objdump -h -S  BELIVE.elf  > "BELIVE.list"
   text	   data	    bss	    dec	    hex	filename
  55344	    212	   3796	  59352	   e7d8	BELIVE.elf
Finished building: default.size.stdout
 
Finished building: BELIVE.list
 

17:16:39 Build Finished. 0 errors, 4 warnings. (took 1s.594ms)

