Archive member included to satisfy reference by file (symbol)

/opt/st/stm32cubeide_1.12.0/plugins/com.st.stm32cube.ide.mcu.externaltools.gnu-tools-for-stm32.10.3-2021.10.linux64_1.0.200.202301161003/tools/bin/../lib/gcc/arm-none-eabi/10.3.1/../../../../arm-none-eabi/lib/thumb/v7e-m+fp/hard/libc_nano.a(lib_a-errno.o)
                              ./Core/Src/syscalls.o (__errno)
/opt/st/stm32cubeide_1.12.0/plugins/com.st.stm32cube.ide.mcu.externaltools.gnu-tools-for-stm32.10.3-2021.10.linux64_1.0.200.202301161003/tools/bin/../lib/gcc/arm-none-eabi/10.3.1/../../../../arm-none-eabi/lib/thumb/v7e-m+fp/hard/libc_nano.a(lib_a-exit.o)
                              /opt/st/stm32cubeide_1.12.0/plugins/com.st.stm32cube.ide.mcu.externaltools.gnu-tools-for-stm32.10.3-2021.10.linux64_1.0.200.202301161003/tools/bin/../lib/gcc/arm-none-eabi/10.3.1/../../../../arm-none-eabi/lib/thumb/v7e-m+fp/hard/crt0.o (exit)
/opt/st/stm32cubeide_1.12.0/plugins/com.st.stm32cube.ide.mcu.externaltools.gnu-tools-for-stm32.10.3-2021.10.linux64_1.0.200.202301161003/tools/bin/../lib/gcc/arm-none-eabi/10.3.1/../../../../arm-none-eabi/lib/thumb/v7e-m+fp/hard/libc_nano.a(lib_a-impure.o)
                              /opt/st/stm32cubeide_1.12.0/plugins/com.st.stm32cube.ide.mcu.externaltools.gnu-tools-for-stm32.10.3-2021.10.linux64_1.0.200.202301161003/tools/bin/../lib/gcc/arm-none-eabi/10.3.1/../../../../arm-none-eabi/lib/thumb/v7e-m+fp/hard/libc_nano.a(lib_a-exit.o) (_global_impure_ptr)
/opt/st/stm32cubeide_1.12.0/plugins/com.st.stm32cube.ide.mcu.externaltools.gnu-tools-for-stm32.10.3-2021.10.linux64_1.0.200.202301161003/tools/bin/../lib/gcc/arm-none-eabi/10.3.1/../../../../arm-none-eabi/lib/thumb/v7e-m+fp/hard/libc_nano.a(lib_a-init.o)
                              /opt/st/stm32cubeide_1.12.0/plugins/com.st.stm32cube.ide.mcu.externaltools.gnu-tools-for-stm32.10.3-2021.10.linux64_1.0.200.202301161003/tools/bin/../lib/gcc/arm-none-eabi/10.3.1/../../../../arm-none-eabi/lib/thumb/v7e-m+fp/hard/crt0.o (__libc_init_array)
/opt/st/stm32cubeide_1.12.0/plugins/com.st.stm32cube.ide.mcu.externaltools.gnu-tools-for-stm32.10.3-2021.10.linux64_1.0.200.202301161003/tools/bin/../lib/gcc/arm-none-eabi/10.3.1/../../../../arm-none-eabi/lib/thumb/v7e-m+fp/hard/libc_nano.a(lib_a-memset.o)
                              /opt/st/stm32cubeide_1.12.0/plugins/com.st.stm32cube.ide.mcu.externaltools.gnu-tools-for-stm32.10.3-2021.10.linux64_1.0.200.202301161003/tools/bin/../lib/gcc/arm-none-eabi/10.3.1/../../../../arm-none-eabi/lib/thumb/v7e-m+fp/hard/crt0.o (memset)
/opt/st/stm32cubeide_1.12.0/plugins/com.st.stm32cube.ide.mcu.externaltools.gnu-tools-for-stm32.10.3-2021.10.linux64_1.0.200.202301161003/tools/bin/../lib/gcc/arm-none-eabi/10.3.1/thumb/v7e-m+fp/hard/libgcc.a(_aeabi_uldivmod.o)
                              ./Drivers/STM32F4xx_HAL_Driver/Src/stm32f4xx_hal_rcc.o (__aeabi_uldivmod)
/opt/st/stm32cubeide_1.12.0/plugins/com.st.stm32cube.ide.mcu.externaltools.gnu-tools-for-stm32.10.3-2021.10.linux64_1.0.200.202301161003/tools/bin/../lib/gcc/arm-none-eabi/10.3.1/thumb/v7e-m+fp/hard/libgcc.a(_udivmoddi4.o)
                              /opt/st/stm32cubeide_1.12.0/plugins/com.st.stm32cube.ide.mcu.externaltools.gnu-tools-for-stm32.10.3-2021.10.linux64_1.0.200.202301161003/tools/bin/../lib/gcc/arm-none-eabi/10.3.1/thumb/v7e-m+fp/hard/libgcc.a(_aeabi_uldivmod.o) (__udivmoddi4)
/opt/st/stm32cubeide_1.12.0/plugins/com.st.stm32cube.ide.mcu.externaltools.gnu-tools-for-stm32.10.3-2021.10.linux64_1.0.200.202301161003/tools/bin/../lib/gcc/arm-none-eabi/10.3.1/thumb/v7e-m+fp/hard/libgcc.a(_dvmd_tls.o)
                              /opt/st/stm32cubeide_1.12.0/plugins/com.st.stm32cube.ide.mcu.externaltools.gnu-tools-for-stm32.10.3-2021.10.linux64_1.0.200.202301161003/tools/bin/../lib/gcc/arm-none-eabi/10.3.1/thumb/v7e-m+fp/hard/libgcc.a(_aeabi_uldivmod.o) (__aeabi_ldiv0)

Discarded input sections

 .text          0x0000000000000000        0x0 /opt/st/stm32cubeide_1.12.0/plugins/com.st.stm32cube.ide.mcu.externaltools.gnu-tools-for-stm32.10.3-2021.10.linux64_1.0.200.202301161003/tools/bin/../lib/gcc/arm-none-eabi/10.3.1/thumb/v7e-m+fp/hard/crti.o
 .data          0x0000000000000000        0x0 /opt/st/stm32cubeide_1.12.0/plugins/com.st.stm32cube.ide.mcu.externaltools.gnu-tools-for-stm32.10.3-2021.10.linux64_1.0.200.202301161003/tools/bin/../lib/gcc/arm-none-eabi/10.3.1/thumb/v7e-m+fp/hard/crti.o
 .bss           0x0000000000000000        0x0 /opt/st/stm32cubeide_1.12.0/plugins/com.st.stm32cube.ide.mcu.externaltools.gnu-tools-for-stm32.10.3-2021.10.linux64_1.0.200.202301161003/tools/bin/../lib/gcc/arm-none-eabi/10.3.1/thumb/v7e-m+fp/hard/crti.o
 .data          0x0000000000000000        0x4 /opt/st/stm32cubeide_1.12.0/plugins/com.st.stm32cube.ide.mcu.externaltools.gnu-tools-for-stm32.10.3-2021.10.linux64_1.0.200.202301161003/tools/bin/../lib/gcc/arm-none-eabi/10.3.1/thumb/v7e-m+fp/hard/crtbegin.o
[...]
Memory Configuration

Name             Origin             Length             Attributes
CCMRAM           0x0000000010000000 0x0000000000010000 xrw
RAM              0x0000000020000000 0x0000000000030000 xrw
FLASH            0x0000000008000000 0x0000000000200000 xr
*default*        0x0000000000000000 0xffffffffffffffff

Linker script and memory map

LOAD /opt/st/stm32cubeide_1.12.0/plugins/com.st.stm32cube.ide.mcu.externaltools.gnu-tools-for-stm32.10.3-2021.10.linux64_1.0.200.202301161003/tools/bin/../lib/gcc/arm-none-eabi/10.3.1/thumb/v7e-m+fp/hard/crti.o
LOAD /opt/st/stm32cubeide_1.12.0/plugins/com.st.stm32cube.ide.mcu.externaltools.gnu-tools-for-stm32.10.3-2021.10.linux64_1.0.200.202301161003/tools/bin/../lib/gcc/arm-none-eabi/10.3.1/thumb/v7e-m+fp/hard/crtbegin.o
LOAD /opt/st/stm32cubeide_1.12.0/plugins/com.st.stm32cube.ide.mcu.externaltools.gnu-tools-for-stm32.10.3-2021.10.linux64_1.0.200.202301161003/tools/bin/../lib/gcc/arm-none-eabi/10.3.1/../../../../arm-none-eabi/lib/thumb/v7e-m+fp/hard/crt0.o
LOAD ./Core/Src/main.o
LOAD ./Core/Src/stm32f4xx_hal_msp.o
LOAD ./Core/Src/stm32f4xx_it.o
LOAD ./Core/Src/syscalls.o
LOAD ./Core/Src/sysmem.o
LOAD ./Core/Src/system_stm32f4xx.o
LOAD ./Core/Startup/startup_stm32f429zitx.o
LOAD ./Drivers/BSP/Components/cs43l22/cs43l22.o
LOAD ./Drivers/BSP/Components/dp83848/dp83848.o
LOAD ./Drivers/BSP/Components/exc7200/exc7200.o
LOAD ./Drivers/BSP/Components/ft3x67/ft3x67.o
LOAD ./Drivers/BSP/Components/ft6x06/ft6x06.o
LOAD ./Drivers/BSP/Components/i3g4250d/i3g4250d.o
LOAD ./Drivers/BSP/Components/ili9325/ili9325.o
LOAD ./Drivers/BSP/Components/ili9341/ili9341.o
LOAD ./Drivers/BSP/Components/l3gd20/l3gd20.o
LOAD ./Drivers/BSP/Components/lan8742/lan8742.o
LOAD ./Drivers/BSP/Components/lis302dl/lis302dl.o
LOAD ./Drivers/BSP/Components/lis3dsh/lis3dsh.o
LOAD ./Drivers/BSP/Components/ls016b8uy/ls016b8uy.o
LOAD ./Drivers/BSP/Components/lsm303agr/lsm303agr.o
LOAD ./Drivers/BSP/Components/lsm303dlhc/lsm303dlhc.o
LOAD ./Drivers/BSP/Components/mfxstm32l152/mfxstm32l152.o
LOAD ./Drivers/BSP/Components/nt35510/nt35510.o
LOAD ./Drivers/BSP/Components/otm8009a/otm8009a.o
LOAD ./Drivers/BSP/Components/ov2640/ov2640.o
LOAD ./Drivers/BSP/Components/ov5640/ov5640.o
LOAD ./Drivers/BSP/Components/s5k5cag/s5k5cag.o
LOAD ./Drivers/BSP/Components/st7735/st7735.o
LOAD ./Drivers/BSP/Components/st7789h2/st7789h2.o
LOAD ./Drivers/BSP/Components/stmpe1600/stmpe1600.o
LOAD ./Drivers/BSP/Components/stmpe811/stmpe811.o
LOAD ./Drivers/BSP/Components/ts3510/ts3510.o
LOAD ./Drivers/BSP/Components/wm8994/wm8994.o
LOAD ./Drivers/BSP/STM32F429I-Discovery/stm32f429i_discovery.o
LOAD ./Drivers/BSP/STM32F429I-Discovery/stm32f429i_discovery_eeprom.o
LOAD ./Drivers/BSP/STM32F429I-Discovery/stm32f429i_discovery_gyroscope.o
LOAD ./Drivers/BSP/STM32F429I-Discovery/stm32f429i_discovery_io.o
LOAD ./Drivers/BSP/STM32F429I-Discovery/stm32f429i_discovery_lcd.o
LOAD ./Drivers/BSP/STM32F429I-Discovery/stm32f429i_discovery_sdram.o
LOAD ./Drivers/BSP/STM32F429I-Discovery/stm32f429i_discovery_ts.o
LOAD ./Drivers/STM32F4xx_HAL_Driver/Src/stm32f4xx_hal.o
LOAD ./Drivers/STM32F4xx_HAL_Driver/Src/stm32f4xx_hal_cortex.o
LOAD ./Drivers/STM32F4xx_HAL_Driver/Src/stm32f4xx_hal_dma.o
LOAD ./Drivers/STM32F4xx_HAL_Driver/Src/stm32f4xx_hal_dma2d.o
LOAD ./Drivers/STM32F4xx_HAL_Driver/Src/stm32f4xx_hal_dma_ex.o
LOAD ./Drivers/STM32F4xx_HAL_Driver/Src/stm32f4xx_hal_dsi.o
LOAD ./Drivers/STM32F4xx_HAL_Driver/Src/stm32f4xx_hal_exti.o
LOAD ./Drivers/STM32F4xx_HAL_Driver/Src/stm32f4xx_hal_flash.o
LOAD ./Drivers/STM32F4xx_HAL_Driver/Src/stm32f4xx_hal_flash_ex.o
LOAD ./Drivers/STM32F4xx_HAL_Driver/Src/stm32f4xx_hal_flash_ramfunc.o
LOAD ./Drivers/STM32F4xx_HAL_Driver/Src/stm32f4xx_hal_gpio.o
LOAD ./Drivers/STM32F4xx_HAL_Driver/Src/stm32f4xx_hal_i2c.o
LOAD ./Drivers/STM32F4xx_HAL_Driver/Src/stm32f4xx_hal_i2c_ex.o
LOAD ./Drivers/STM32F4xx_HAL_Driver/Src/stm32f4xx_hal_ltdc.o
LOAD ./Drivers/STM32F4xx_HAL_Driver/Src/stm32f4xx_hal_ltdc_ex.o
LOAD ./Drivers/STM32F4xx_HAL_Driver/Src/stm32f4xx_hal_pwr.o
LOAD ./Drivers/STM32F4xx_HAL_Driver/Src/stm32f4xx_hal_pwr_ex.o
LOAD ./Drivers/STM32F4xx_HAL_Driver/Src/stm32f4xx_hal_rcc.o
LOAD ./Drivers/STM32F4xx_HAL_Driver/Src/stm32f4xx_hal_rcc_ex.o
LOAD ./Drivers/STM32F4xx_HAL_Driver/Src/stm32f4xx_hal_sdram.o
LOAD ./Drivers/STM32F4xx_HAL_Driver/Src/stm32f4xx_hal_spi.o
LOAD ./Drivers/STM32F4xx_HAL_Driver/Src/stm32f4xx_hal_tim.o
LOAD ./Drivers/STM32F4xx_HAL_Driver/Src/stm32f4xx_hal_tim_ex.o
LOAD ./Drivers/STM32F4xx_HAL_Driver/Src/stm32f4xx_hal_uart.o
LOAD ./Drivers/STM32F4xx_HAL_Driver/Src/stm32f4xx_ll_fmc.o
START GROUP
LOAD /opt/st/stm32cubeide_1.12.0/plugins/com.st.stm32cube.ide.mcu.externaltools.gnu-tools-for-stm32.10.3-2021.10.linux64_1.0.200.202301161003/tools/bin/../lib/gcc/arm-none-eabi/10.3.1/../../../../arm-none-eabi/lib/thumb/v7e-m+fp/hard/libc_nano.a
LOAD /opt/st/stm32cubeide_1.12.0/plugins/com.st.stm32cube.ide.mcu.externaltools.gnu-tools-for-stm32.10.3-2021.10.linux64_1.0.200.202301161003/tools/bin/../lib/gcc/arm-none-eabi/10.3.1/../../../../arm-none-eabi/lib/thumb/v7e-m+fp/hard/libm.a
END GROUP
START GROUP
LOAD /opt/st/stm32cubeide_1.12.0/plugins/com.st.stm32cube.ide.mcu.externaltools.gnu-tools-for-stm32.10.3-2021.10.linux64_1.0.200.202301161003/tools/bin/../lib/gcc/arm-none-eabi/10.3.1/thumb/v7e-m+fp/hard/libgcc.a
LOAD /opt/st/stm32cubeide_1.12.0/plugins/com.st.stm32cube.ide.mcu.externaltools.gnu-tools-for-stm32.10.3-2021.10.linux64_1.0.200.202301161003/tools/bin/../lib/gcc/arm-none-eabi/10.3.1/../../../../arm-none-eabi/lib/thumb/v7e-m+fp/hard/libc_nano.a
END GROUP
START GROUP
LOAD /opt/st/stm32cubeide_1.12.0/plugins/com.st.stm32cube.ide.mcu.externaltools.gnu-tools-for-stm32.10.3-2021.10.linux64_1.0.200.202301161003/tools/bin/../lib/gcc/arm-none-eabi/10.3.1/thumb/v7e-m+fp/hard/libgcc.a
LOAD /opt/st/stm32cubeide_1.12.0/plugins/com.st.stm32cube.ide.mcu.externaltools.gnu-tools-for-stm32.10.3-2021.10.linux64_1.0.200.202301161003/tools/bin/../lib/gcc/arm-none-eabi/10.3.1/../../../../arm-none-eabi/lib/thumb/v7e-m+fp/hard/libc_nano.a
LOAD /opt/st/stm32cubeide_1.12.0/plugins/com.st.stm32cube.ide.mcu.externaltools.gnu-tools-for-stm32.10.3-2021.10.linux64_1.0.200.202301161003/tools/bin/../lib/gcc/arm-none-eabi/10.3.1/../../../../arm-none-eabi/lib/thumb/v7e-m+fp/hard/libnosys.a
END GROUP
START GROUP
LOAD /opt/st/stm32cubeide_1.12.0/plugins/com.st.stm32cube.ide.mcu.externaltools.gnu-tools-for-stm32.10.3-2021.10.linux64_1.0.200.202301161003/tools/bin/../lib/gcc/arm-none-eabi/10.3.1/thumb/v7e-m+fp/hard/libgcc.a
LOAD /opt/st/stm32cubeide_1.12.0/plugins/com.st.stm32cube.ide.mcu.externaltools.gnu-tools-for-stm32.10.3-2021.10.linux64_1.0.200.202301161003/tools/bin/../lib/gcc/arm-none-eabi/10.3.1/../../../../arm-none-eabi/lib/thumb/v7e-m+fp/hard/libc_nano.a
LOAD /opt/st/stm32cubeide_1.12.0/plugins/com.st.stm32cube.ide.mcu.externaltools.gnu-tools-for-stm32.10.3-2021.10.linux64_1.0.200.202301161003/tools/bin/../lib/gcc/arm-none-eabi/10.3.1/../../../../arm-none-eabi/lib/thumb/v7e-m+fp/hard/libnosys.a
END GROUP
LOAD /opt/st/stm32cubeide_1.12.0/plugins/com.st.stm32cube.ide.mcu.externaltools.gnu-tools-for-stm32.10.3-2021.10.linux64_1.0.200.202301161003/tools/bin/../lib/gcc/arm-none-eabi/10.3.1/thumb/v7e-m+fp/hard/crtend.o
LOAD /opt/st/stm32cubeide_1.12.0/plugins/com.st.stm32cube.ide.mcu.externaltools.gnu-tools-for-stm32.10.3-2021.10.linux64_1.0.200.202301161003/tools/bin/../lib/gcc/arm-none-eabi/10.3.1/thumb/v7e-m+fp/hard/crtn.o
                0x0000000020030000                _estack = (ORIGIN (RAM) + LENGTH (RAM))
                0x0000000000000200                _Min_Heap_Size = 0x200
                0x0000000000000400                _Min_Stack_Size = 0x400

.isr_vector     0x0000000008000000      0x1ac
                0x0000000008000000                . = ALIGN (0x4)
 *(.isr_vector)
 .isr_vector    0x0000000008000000      0x1ac ./Core/Startup/startup_stm32f429zitx.o
                0x0000000008000000                g_pfnVectors
                0x00000000080001ac                . = ALIGN (0x4)

.text           0x00000000080001ac     0x60b0
                0x00000000080001ac                . = ALIGN (0x4)
 *(.text)
 .text          0x00000000080001ac       0x40 /opt/st/stm32cubeide_1.12.0/plugins/com.st.stm32cube.ide.mcu.externaltools.gnu-tools-for-stm32.10.3-2021.10.linux64_1.0.200.202301161003/tools/bin/../lib/gcc/arm-none-eabi/10.3.1/thumb/v7e-m+fp/hard/crtbegin.o
 .text          0x00000000080001ec       0x30 /opt/st/stm32cubeide_1.12.0/plugins/com.st.stm32cube.ide.mcu.externaltools.gnu-tools-for-stm32.10.3-2021.10.linux64_1.0.200.202301161003/tools/bin/../lib/gcc/arm-none-eabi/10.3.1/thumb/v7e-m+fp/hard/libgcc.a(_aeabi_uldivmod.o)
                0x00000000080001ec                __aeabi_uldivmod
 .text          0x000000000800021c      0x2d0 /opt/st/stm32cubeide_1.12.0/plugins/com.st.stm32cube.ide.mcu.externaltools.gnu-tools-for-stm32.10.3-2021.10.linux64_1.0.200.202301161003/tools/bin/../lib/gcc/arm-none-eabi/10.3.1/thumb/v7e-m+fp/hard/libgcc.a(_udivmoddi4.o)
                0x000000000800021c                __udivmoddi4
 .text          0x00000000080004ec        0x4 /opt/st/stm32cubeide_1.12.0/plugins/com.st.stm32cube.ide.mcu.externaltools.gnu-tools-for-stm32.10.3-2021.10.linux64_1.0.200.202301161003/tools/bin/../lib/gcc/arm-none-eabi/10.3.1/thumb/v7e-m+fp/hard/libgcc.a(_dvmd_tls.o)
                0x00000000080004ec                __aeabi_ldiv0
                0x00000000080004ec                __aeabi_idiv0
 *(.text*)
 .text.main     0x00000000080004f0       0x36 ./Core/Src/main.o
                0x00000000080004f0                main
 *fill*         0x0000000008000526        0x2 
 .text.SystemClock_Config
                0x0000000008000528       0xe4 ./Core/Src/main.o
                0x0000000008000528                SystemClock_Config
 .text.MX_DMA2D_Init
                0x000000000800060c       0x64 ./Core/Src/main.o
 .text.MX_I2C3_Init
                0x0000000008000670       0x80 ./Core/Src/main.o
 .text.Display_DemoDescription
                0x00000000080006f0       0xfc ./Core/Src/main.o
 .text.MX_LTDC_Init
                0x00000000080007ec      0x164 ./Core/Src/main.o
 .text.MX_SPI5_Init
                0x0000000008000950       0x6c ./Core/Src/main.o
 .text.MX_USART1_UART_Init
                0x00000000080009bc       0x54 ./Core/Src/main.o
 .text.MX_FMC_Init
                0x0000000008000a10       0x9c ./Core/Src/main.o
 .text.MX_GPIO_Init
                0x0000000008000aac       0xf8 ./Core/Src/main.o
 .text.Error_Handler
                0x0000000008000ba4        0xa ./Core/Src/main.o
                0x0000000008000ba4                Error_Handler
 *fill*         0x0000000008000bae        0x2 
 .text.HAL_MspInit
                0x0000000008000bb0       0x50 ./Core/Src/stm32f4xx_hal_msp.o
                0x0000000008000bb0                HAL_MspInit
 .text.HAL_DMA2D_MspInit
                0x0000000008000c00       0x44 ./Core/Src/stm32f4xx_hal_msp.o
                0x0000000008000c00                HAL_DMA2D_MspInit
 .text.HAL_I2C_MspInit
                0x0000000008000c44       0xd4 ./Core/Src/stm32f4xx_hal_msp.o
                0x0000000008000c44                HAL_I2C_MspInit
 .text.HAL_LTDC_MspInit
                0x0000000008000d18      0x250 ./Core/Src/stm32f4xx_hal_msp.o
                0x0000000008000d18                HAL_LTDC_MspInit
 .text.HAL_SPI_MspInit
                0x0000000008000f68       0x90 ./Core/Src/stm32f4xx_hal_msp.o
                0x0000000008000f68                HAL_SPI_MspInit
 .text.HAL_SPI_MspDeInit
                0x0000000008000ff8       0x3c ./Core/Src/stm32f4xx_hal_msp.o
                0x0000000008000ff8                HAL_SPI_MspDeInit
 .text.HAL_UART_MspInit
                0x0000000008001034       0x90 ./Core/Src/stm32f4xx_hal_msp.o
                0x0000000008001034                HAL_UART_MspInit
 .text.HAL_FMC_MspInit
                0x00000000080010c4      0x124 ./Core/Src/stm32f4xx_hal_msp.o
 .text.HAL_SDRAM_MspInit
                0x00000000080011e8       0x14 ./Core/Src/stm32f4xx_hal_msp.o
                0x00000000080011e8                HAL_SDRAM_MspInit
 .text.NMI_Handler
                0x00000000080011fc        0x6 ./Core/Src/stm32f4xx_it.o
                0x00000000080011fc                NMI_Handler
 .text.HardFault_Handler
                0x0000000008001202        0x6 ./Core/Src/stm32f4xx_it.o
                0x0000000008001202                HardFault_Handler
 .text.MemManage_Handler
                0x0000000008001208        0x6 ./Core/Src/stm32f4xx_it.o
                0x0000000008001208                MemManage_Handler
 .text.BusFault_Handler
                0x000000000800120e        0x6 ./Core/Src/stm32f4xx_it.o
                0x000000000800120e                BusFault_Handler
 .text.UsageFault_Handler
                0x0000000008001214        0x6 ./Core/Src/stm32f4xx_it.o
                0x0000000008001214                UsageFault_Handler
 .text.SVC_Handler
                0x000000000800121a        0xe ./Core/Src/stm32f4xx_it.o
                0x000000000800121a                SVC_Handler
 .text.DebugMon_Handler
                0x0000000008001228        0xe ./Core/Src/stm32f4xx_it.o
                0x0000000008001228                DebugMon_Handler
 .text.PendSV_Handler
                0x0000000008001236        0xe ./Core/Src/stm32f4xx_it.o
                0x0000000008001236                PendSV_Handler
 .text.SysTick_Handler
                0x0000000008001244        0xc ./Core/Src/stm32f4xx_it.o
                0x0000000008001244                SysTick_Handler
 .text.SystemInit
                0x0000000008001250       0x24 ./Core/Src/system_stm32f4xx.o
                0x0000000008001250                SystemInit
 .text.Reset_Handler
                0x0000000008001274       0x50 ./Core/Startup/startup_stm32f429zitx.o
                0x0000000008001274                Reset_Handler
 .text.Default_Handler
                0x00000000080012c4        0x2 ./Core/Startup/startup_stm32f429zitx.o
                0x00000000080012c4                RTC_Alarm_IRQHandler
                0x00000000080012c4                HASH_RNG_IRQHandler
                0x00000000080012c4                EXTI2_IRQHandler
                0x00000000080012c4                TIM8_CC_IRQHandler
                0x00000000080012c4                UART8_IRQHandler
                0x00000000080012c4                SPI4_IRQHandler
                0x00000000080012c4                TIM1_CC_IRQHandler
                0x00000000080012c4                DMA2_Stream5_IRQHandler
                0x00000000080012c4                DMA1_Stream5_IRQHandler
                0x00000000080012c4                PVD_IRQHandler
                0x00000000080012c4                SDIO_IRQHandler
                0x00000000080012c4                TAMP_STAMP_IRQHandler
                0x00000000080012c4                CAN2_RX1_IRQHandler
                0x00000000080012c4                EXTI3_IRQHandler
                0x00000000080012c4                TIM8_TRG_COM_TIM14_IRQHandler
                0x00000000080012c4                TIM1_UP_TIM10_IRQHandler
                0x00000000080012c4                TIM8_UP_TIM13_IRQHandler
                0x00000000080012c4                I2C3_ER_IRQHandler
                0x00000000080012c4                EXTI0_IRQHandler
                0x00000000080012c4                I2C2_EV_IRQHandler
                0x00000000080012c4                DMA1_Stream2_IRQHandler
                0x00000000080012c4                CAN1_RX0_IRQHandler
                0x00000000080012c4                FPU_IRQHandler
                0x00000000080012c4                OTG_HS_WKUP_IRQHandler
                0x00000000080012c4                LTDC_ER_IRQHandler
                0x00000000080012c4                CAN2_SCE_IRQHandler
                0x00000000080012c4                DMA2_Stream2_IRQHandler
                0x00000000080012c4                SPI1_IRQHandler
                0x00000000080012c4                TIM6_DAC_IRQHandler
                0x00000000080012c4                TIM1_BRK_TIM9_IRQHandler
                0x00000000080012c4                DCMI_IRQHandler
                0x00000000080012c4                CAN2_RX0_IRQHandler
                0x00000000080012c4                DMA2_Stream3_IRQHandler
                0x00000000080012c4                USART6_IRQHandler
                0x00000000080012c4                USART3_IRQHandler
                0x00000000080012c4                CAN1_RX1_IRQHandler
                0x00000000080012c4                UART5_IRQHandler
                0x00000000080012c4                DMA2_Stream0_IRQHandler
                0x00000000080012c4                TIM4_IRQHandler
                0x00000000080012c4                I2C1_EV_IRQHandler
                0x00000000080012c4                DMA1_Stream6_IRQHandler
                0x00000000080012c4                DMA1_Stream1_IRQHandler
                0x00000000080012c4                UART4_IRQHandler
                0x00000000080012c4                TIM3_IRQHandler
                0x00000000080012c4                RCC_IRQHandler
                0x00000000080012c4                TIM8_BRK_TIM12_IRQHandler
                0x00000000080012c4                Default_Handler
                0x00000000080012c4                EXTI15_10_IRQHandler
                0x00000000080012c4                ADC_IRQHandler
                0x00000000080012c4                DMA1_Stream7_IRQHandler
                0x00000000080012c4                SPI5_IRQHandler
                0x00000000080012c4                TIM7_IRQHandler
                0x00000000080012c4                CAN2_TX_IRQHandler
                0x00000000080012c4                TIM5_IRQHandler
                0x00000000080012c4                DMA2_Stream7_IRQHandler
                0x00000000080012c4                I2C3_EV_IRQHandler
                0x00000000080012c4                EXTI9_5_IRQHandler
                0x00000000080012c4                RTC_WKUP_IRQHandler
                0x00000000080012c4                LTDC_IRQHandler
                0x00000000080012c4                ETH_WKUP_IRQHandler
                0x00000000080012c4                SPI2_IRQHandler
                0x00000000080012c4                OTG_HS_EP1_IN_IRQHandler
                0x00000000080012c4                DMA1_Stream0_IRQHandler
                0x00000000080012c4                CAN1_TX_IRQHandler
                0x00000000080012c4                EXTI4_IRQHandler
                0x00000000080012c4                ETH_IRQHandler
                0x00000000080012c4                OTG_HS_EP1_OUT_IRQHandler
                0x00000000080012c4                WWDG_IRQHandler
                0x00000000080012c4                SPI6_IRQHandler
                0x00000000080012c4                TIM2_IRQHandler
                0x00000000080012c4                OTG_FS_WKUP_IRQHandler
                0x00000000080012c4                TIM1_TRG_COM_TIM11_IRQHandler
                0x00000000080012c4                OTG_HS_IRQHandler
                0x00000000080012c4                DMA2D_IRQHandler
                0x00000000080012c4                EXTI1_IRQHandler
                0x00000000080012c4                UART7_IRQHandler
                0x00000000080012c4                USART2_IRQHandler
                0x00000000080012c4                I2C2_ER_IRQHandler
                0x00000000080012c4                DMA2_Stream1_IRQHandler
                0x00000000080012c4                CAN1_SCE_IRQHandler
                0x00000000080012c4                FLASH_IRQHandler
                0x00000000080012c4                DMA2_Stream4_IRQHandler
                0x00000000080012c4                USART1_IRQHandler
                0x00000000080012c4                OTG_FS_IRQHandler
                0x00000000080012c4                SPI3_IRQHandler
                0x00000000080012c4                DMA1_Stream4_IRQHandler
                0x00000000080012c4                I2C1_ER_IRQHandler
                0x00000000080012c4                FMC_IRQHandler
                0x00000000080012c4                DMA2_Stream6_IRQHandler
                0x00000000080012c4                SAI1_IRQHandler
                0x00000000080012c4                DMA1_Stream3_IRQHandler
 .text.ili9341_Init
                0x00000000080012c6      0x294 ./Drivers/BSP/Components/ili9341/ili9341.o
                0x00000000080012c6                ili9341_Init
 .text.ili9341_ReadID
                0x000000000800155a       0x18 ./Drivers/BSP/Components/ili9341/ili9341.o
                0x000000000800155a                ili9341_ReadID
 .text.ili9341_DisplayOn
                0x0000000008001572        0xe ./Drivers/BSP/Components/ili9341/ili9341.o
                0x0000000008001572                ili9341_DisplayOn
 .text.ili9341_DisplayOff
                0x0000000008001580        0xe ./Drivers/BSP/Components/ili9341/ili9341.o
                0x0000000008001580                ili9341_DisplayOff
 .text.ili9341_WriteReg
                0x000000000800158e       0x1a ./Drivers/BSP/Components/ili9341/ili9341.o
                0x000000000800158e                ili9341_WriteReg
 .text.ili9341_WriteData
                0x00000000080015a8       0x1a ./Drivers/BSP/Components/ili9341/ili9341.o
                0x00000000080015a8                ili9341_WriteData
 .text.ili9341_ReadData
                0x00000000080015c2       0x26 ./Drivers/BSP/Components/ili9341/ili9341.o
                0x00000000080015c2                ili9341_ReadData
 .text.ili9341_GetLcdPixelWidth
                0x00000000080015e8       0x10 ./Drivers/BSP/Components/ili9341/ili9341.o
                0x00000000080015e8                ili9341_GetLcdPixelWidth
 .text.ili9341_GetLcdPixelHeight
                0x00000000080015f8       0x12 ./Drivers/BSP/Components/ili9341/ili9341.o
                0x00000000080015f8                ili9341_GetLcdPixelHeight
 *fill*         0x000000000800160a        0x2 
 .text.SPIx_Init
                0x000000000800160c       0x74 ./Drivers/BSP/STM32F429I-Discovery/stm32f429i_discovery.o
 .text.SPIx_Read
                0x0000000008001680       0x40 ./Drivers/BSP/STM32F429I-Discovery/stm32f429i_discovery.o
 .text.SPIx_Write
                0x00000000080016c0       0x3c ./Drivers/BSP/STM32F429I-Discovery/stm32f429i_discovery.o
 .text.SPIx_Error
                0x00000000080016fc       0x18 ./Drivers/BSP/STM32F429I-Discovery/stm32f429i_discovery.o
 .text.SPIx_MspInit
                0x0000000008001714       0x74 ./Drivers/BSP/STM32F429I-Discovery/stm32f429i_discovery.o
 .text.LCD_IO_Init
                0x0000000008001788       0xf0 ./Drivers/BSP/STM32F429I-Discovery/stm32f429i_discovery.o
                0x0000000008001788                LCD_IO_Init
 .text.LCD_IO_WriteData
                0x0000000008001878       0x44 ./Drivers/BSP/STM32F429I-Discovery/stm32f429i_discovery.o
                0x0000000008001878                LCD_IO_WriteData
 .text.LCD_IO_WriteReg
                0x00000000080018bc       0x44 ./Drivers/BSP/STM32F429I-Discovery/stm32f429i_discovery.o
                0x00000000080018bc                LCD_IO_WriteReg
 .text.LCD_IO_ReadData
                0x0000000008001900       0x64 ./Drivers/BSP/STM32F429I-Discovery/stm32f429i_discovery.o
                0x0000000008001900                LCD_IO_ReadData
 .text.LCD_Delay
                0x0000000008001964       0x16 ./Drivers/BSP/STM32F429I-Discovery/stm32f429i_discovery.o
                0x0000000008001964                LCD_Delay
 *fill*         0x000000000800197a        0x2 
 .text.BSP_LCD_Init
                0x000000000800197c       0xd4 ./Drivers/BSP/STM32F429I-Discovery/stm32f429i_discovery_lcd.o
                0x000000000800197c                BSP_LCD_Init
 .text.BSP_LCD_GetXSize
                0x0000000008001a50       0x18 ./Drivers/BSP/STM32F429I-Discovery/stm32f429i_discovery_lcd.o
                0x0000000008001a50                BSP_LCD_GetXSize
 .text.BSP_LCD_GetYSize
                0x0000000008001a68       0x18 ./Drivers/BSP/STM32F429I-Discovery/stm32f429i_discovery_lcd.o
                0x0000000008001a68                BSP_LCD_GetYSize
 .text.BSP_LCD_SelectLayer
                0x0000000008001a80       0x20 ./Drivers/BSP/STM32F429I-Discovery/stm32f429i_discovery_lcd.o
                0x0000000008001a80                BSP_LCD_SelectLayer
 .text.BSP_LCD_SetTextColor
                0x0000000008001aa0       0x30 ./Drivers/BSP/STM32F429I-Discovery/stm32f429i_discovery_lcd.o
                0x0000000008001aa0                BSP_LCD_SetTextColor
 .text.BSP_LCD_SetBackColor
                0x0000000008001ad0       0x34 ./Drivers/BSP/STM32F429I-Discovery/stm32f429i_discovery_lcd.o
                0x0000000008001ad0                BSP_LCD_SetBackColor
 .text.BSP_LCD_SetFont
                0x0000000008001b04       0x34 ./Drivers/BSP/STM32F429I-Discovery/stm32f429i_discovery_lcd.o
                0x0000000008001b04                BSP_LCD_SetFont
 .text.BSP_LCD_Clear
                0x0000000008001b38       0x50 ./Drivers/BSP/STM32F429I-Discovery/stm32f429i_discovery_lcd.o
                0x0000000008001b38                BSP_LCD_Clear
 .text.BSP_LCD_DisplayChar
                0x0000000008001b88       0x88 ./Drivers/BSP/STM32F429I-Discovery/stm32f429i_discovery_lcd.o
                0x0000000008001b88                BSP_LCD_DisplayChar
 .text.BSP_LCD_DisplayStringAt
                0x0000000008001c10      0x17c ./Drivers/BSP/STM32F429I-Discovery/stm32f429i_discovery_lcd.o
                0x0000000008001c10                BSP_LCD_DisplayStringAt
 .text.BSP_LCD_FillRect
                0x0000000008001d8c       0xb4 ./Drivers/BSP/STM32F429I-Discovery/stm32f429i_discovery_lcd.o
                0x0000000008001d8c                BSP_LCD_FillRect
 .text.BSP_LCD_MspInit
                0x0000000008001e40      0x1ac ./Drivers/BSP/STM32F429I-Discovery/stm32f429i_discovery_lcd.o
                0x0000000008001e40                BSP_LCD_MspInit
 .text.BSP_LCD_DrawPixel
                0x0000000008001fec       0x4c ./Drivers/BSP/STM32F429I-Discovery/stm32f429i_discovery_lcd.o
                0x0000000008001fec                BSP_LCD_DrawPixel
 .text.DrawChar
                0x0000000008002038      0x174 ./Drivers/BSP/STM32F429I-Discovery/stm32f429i_discovery_lcd.o
 .text.FillBuffer
                0x00000000080021ac       0x70 ./Drivers/BSP/STM32F429I-Discovery/stm32f429i_discovery_lcd.o
 .text.BSP_SDRAM_Init
                0x000000000800221c       0xbc ./Drivers/BSP/STM32F429I-Discovery/stm32f429i_discovery_sdram.o
                0x000000000800221c                BSP_SDRAM_Init
 .text.BSP_SDRAM_Initialization_sequence
                0x00000000080022d8       0xc0 ./Drivers/BSP/STM32F429I-Discovery/stm32f429i_discovery_sdram.o
                0x00000000080022d8                BSP_SDRAM_Initialization_sequence
 .text.BSP_SDRAM_MspInit
                0x0000000008002398      0x218 ./Drivers/BSP/STM32F429I-Discovery/stm32f429i_discovery_sdram.o
                0x0000000008002398                BSP_SDRAM_MspInit
 .text.HAL_Init
                0x00000000080025b0       0x44 ./Drivers/STM32F4xx_HAL_Driver/Src/stm32f4xx_hal.o
                0x00000000080025b0                HAL_Init
 .text.HAL_InitTick
                0x00000000080025f4       0x60 ./Drivers/STM32F4xx_HAL_Driver/Src/stm32f4xx_hal.o
                0x00000000080025f4                HAL_InitTick
 .text.HAL_IncTick
                0x0000000008002654       0x28 ./Drivers/STM32F4xx_HAL_Driver/Src/stm32f4xx_hal.o
                0x0000000008002654                HAL_IncTick
 .text.HAL_GetTick
                0x000000000800267c       0x18 ./Drivers/STM32F4xx_HAL_Driver/Src/stm32f4xx_hal.o
                0x000000000800267c                HAL_GetTick
 .text.HAL_Delay
                0x0000000008002694       0x48 ./Drivers/STM32F4xx_HAL_Driver/Src/stm32f4xx_hal.o
                0x0000000008002694                HAL_Delay
 .text.__NVIC_SetPriorityGrouping
                0x00000000080026dc       0x48 ./Drivers/STM32F4xx_HAL_Driver/Src/stm32f4xx_hal_cortex.o
 .text.__NVIC_GetPriorityGrouping
                0x0000000008002724       0x1c ./Drivers/STM32F4xx_HAL_Driver/Src/stm32f4xx_hal_cortex.o
 .text.__NVIC_EnableIRQ
                0x0000000008002740       0x3c ./Drivers/STM32F4xx_HAL_Driver/Src/stm32f4xx_hal_cortex.o
 .text.__NVIC_SetPriority
                0x000000000800277c       0x54 ./Drivers/STM32F4xx_HAL_Driver/Src/stm32f4xx_hal_cortex.o
 .text.NVIC_EncodePriority
                0x00000000080027d0       0x66 ./Drivers/STM32F4xx_HAL_Driver/Src/stm32f4xx_hal_cortex.o
 *fill*         0x0000000008002836        0x2 
 .text.SysTick_Config
                0x0000000008002838       0x44 ./Drivers/STM32F4xx_HAL_Driver/Src/stm32f4xx_hal_cortex.o
 .text.HAL_NVIC_SetPriorityGrouping
                0x000000000800287c       0x16 ./Drivers/STM32F4xx_HAL_Driver/Src/stm32f4xx_hal_cortex.o
                0x000000000800287c                HAL_NVIC_SetPriorityGrouping
 .text.HAL_NVIC_SetPriority
                0x0000000008002892       0x38 ./Drivers/STM32F4xx_HAL_Driver/Src/stm32f4xx_hal_cortex.o
                0x0000000008002892                HAL_NVIC_SetPriority
 .text.HAL_NVIC_EnableIRQ
                0x00000000080028ca       0x1c ./Drivers/STM32F4xx_HAL_Driver/Src/stm32f4xx_hal_cortex.o
                0x00000000080028ca                HAL_NVIC_EnableIRQ
 .text.HAL_SYSTICK_Config
                0x00000000080028e6       0x18 ./Drivers/STM32F4xx_HAL_Driver/Src/stm32f4xx_hal_cortex.o
                0x00000000080028e6                HAL_SYSTICK_Config
 *fill*         0x00000000080028fe        0x2 
 .text.HAL_DMA_Init
                0x0000000008002900      0x15c ./Drivers/STM32F4xx_HAL_Driver/Src/stm32f4xx_hal_dma.o
                0x0000000008002900                HAL_DMA_Init
 .text.HAL_DMA_DeInit
                0x0000000008002a5c       0xbc ./Drivers/STM32F4xx_HAL_Driver/Src/stm32f4xx_hal_dma.o
                0x0000000008002a5c                HAL_DMA_DeInit
 .text.DMA_CalcBaseAndBitshift
                0x0000000008002b18       0x6c ./Drivers/STM32F4xx_HAL_Driver/Src/stm32f4xx_hal_dma.o
 .text.DMA_CheckFifoParam
                0x0000000008002b84       0xf8 ./Drivers/STM32F4xx_HAL_Driver/Src/stm32f4xx_hal_dma.o
 .text.HAL_DMA2D_Init
                0x0000000008002c7c       0x92 ./Drivers/STM32F4xx_HAL_Driver/Src/stm32f4xx_hal_dma2d.o
                0x0000000008002c7c                HAL_DMA2D_Init
 .text.HAL_DMA2D_Start
                0x0000000008002d0e       0x56 ./Drivers/STM32F4xx_HAL_Driver/Src/stm32f4xx_hal_dma2d.o
                0x0000000008002d0e                HAL_DMA2D_Start
 .text.HAL_DMA2D_PollForTransfer
                0x0000000008002d64      0x1d2 ./Drivers/STM32F4xx_HAL_Driver/Src/stm32f4xx_hal_dma2d.o
                0x0000000008002d64                HAL_DMA2D_PollForTransfer
 *fill*         0x0000000008002f36        0x2 
 .text.HAL_DMA2D_ConfigLayer
                0x0000000008002f38      0x124 ./Drivers/STM32F4xx_HAL_Driver/Src/stm32f4xx_hal_dma2d.o
                0x0000000008002f38                HAL_DMA2D_ConfigLayer
 .text.DMA2D_SetConfig
                0x000000000800305c      0x138 ./Drivers/STM32F4xx_HAL_Driver/Src/stm32f4xx_hal_dma2d.o
 .text.HAL_GPIO_Init
                0x0000000008003194      0x358 ./Drivers/STM32F4xx_HAL_Driver/Src/stm32f4xx_hal_gpio.o
                0x0000000008003194                HAL_GPIO_Init
 .text.HAL_GPIO_DeInit
                0x00000000080034ec      0x218 ./Drivers/STM32F4xx_HAL_Driver/Src/stm32f4xx_hal_gpio.o
                0x00000000080034ec                HAL_GPIO_DeInit
 .text.HAL_GPIO_WritePin
                0x0000000008003704       0x32 ./Drivers/STM32F4xx_HAL_Driver/Src/stm32f4xx_hal_gpio.o
                0x0000000008003704                HAL_GPIO_WritePin
 *fill*         0x0000000008003736        0x2 
 .text.HAL_I2C_Init
                0x0000000008003738      0x288 ./Drivers/STM32F4xx_HAL_Driver/Src/stm32f4xx_hal_i2c.o
                0x0000000008003738                HAL_I2C_Init
 .text.HAL_I2CEx_ConfigAnalogFilter
                0x00000000080039c0       0x78 ./Drivers/STM32F4xx_HAL_Driver/Src/stm32f4xx_hal_i2c_ex.o
                0x00000000080039c0                HAL_I2CEx_ConfigAnalogFilter
 .text.HAL_I2CEx_ConfigDigitalFilter
                0x0000000008003a38       0x7e ./Drivers/STM32F4xx_HAL_Driver/Src/stm32f4xx_hal_i2c_ex.o
                0x0000000008003a38                HAL_I2CEx_ConfigDigitalFilter
 *fill*         0x0000000008003ab6        0x2 
 .text.HAL_LTDC_Init
                0x0000000008003ab8      0x1a0 ./Drivers/STM32F4xx_HAL_Driver/Src/stm32f4xx_hal_ltdc.o
                0x0000000008003ab8                HAL_LTDC_Init
 .text.HAL_LTDC_ConfigLayer
                0x0000000008003c58       0x7c ./Drivers/STM32F4xx_HAL_Driver/Src/stm32f4xx_hal_ltdc.o
                0x0000000008003c58                HAL_LTDC_ConfigLayer
 .text.LTDC_SetConfig
                0x0000000008003cd4      0x32e ./Drivers/STM32F4xx_HAL_Driver/Src/stm32f4xx_hal_ltdc.o
 *fill*         0x0000000008004002        0x2 
 .text.HAL_PWREx_EnableOverDrive
                0x0000000008004004       0xa0 ./Drivers/STM32F4xx_HAL_Driver/Src/stm32f4xx_hal_pwr_ex.o
                0x0000000008004004                HAL_PWREx_EnableOverDrive
 .text.HAL_RCC_OscConfig
                0x00000000080040a4      0x4f0 ./Drivers/STM32F4xx_HAL_Driver/Src/stm32f4xx_hal_rcc.o
                0x00000000080040a4                HAL_RCC_OscConfig
 .text.HAL_RCC_ClockConfig
                0x0000000008004594      0x1cc ./Drivers/STM32F4xx_HAL_Driver/Src/stm32f4xx_hal_rcc.o
                0x0000000008004594                HAL_RCC_ClockConfig
 .text.HAL_RCC_GetSysClockFreq
                0x0000000008004760      0x20c ./Drivers/STM32F4xx_HAL_Driver/Src/stm32f4xx_hal_rcc.o
                0x0000000008004760                HAL_RCC_GetSysClockFreq
 .text.HAL_RCC_GetHCLKFreq
                0x000000000800496c       0x18 ./Drivers/STM32F4xx_HAL_Driver/Src/stm32f4xx_hal_rcc.o
                0x000000000800496c                HAL_RCC_GetHCLKFreq
 .text.HAL_RCC_GetPCLK1Freq
                0x0000000008004984       0x28 ./Drivers/STM32F4xx_HAL_Driver/Src/stm32f4xx_hal_rcc.o
                0x0000000008004984                HAL_RCC_GetPCLK1Freq
 .text.HAL_RCC_GetPCLK2Freq
                0x00000000080049ac       0x28 ./Drivers/STM32F4xx_HAL_Driver/Src/stm32f4xx_hal_rcc.o
                0x00000000080049ac                HAL_RCC_GetPCLK2Freq
 .text.HAL_RCCEx_PeriphCLKConfig
                0x00000000080049d4      0x380 ./Drivers/STM32F4xx_HAL_Driver/Src/stm32f4xx_hal_rcc_ex.o
                0x00000000080049d4                HAL_RCCEx_PeriphCLKConfig
 .text.HAL_SDRAM_Init
                0x0000000008004d54       0x68 ./Drivers/STM32F4xx_HAL_Driver/Src/stm32f4xx_hal_sdram.o
                0x0000000008004d54                HAL_SDRAM_Init
 .text.HAL_SDRAM_SendCommand
                0x0000000008004dbc       0x6a ./Drivers/STM32F4xx_HAL_Driver/Src/stm32f4xx_hal_sdram.o
                0x0000000008004dbc                HAL_SDRAM_SendCommand
 .text.HAL_SDRAM_ProgramRefreshRate
                0x0000000008004e26       0x50 ./Drivers/STM32F4xx_HAL_Driver/Src/stm32f4xx_hal_sdram.o
                0x0000000008004e26                HAL_SDRAM_ProgramRefreshRate
 .text.HAL_SPI_Init
                0x0000000008004e76      0x112 ./Drivers/STM32F4xx_HAL_Driver/Src/stm32f4xx_hal_spi.o
                0x0000000008004e76                HAL_SPI_Init
 .text.HAL_SPI_DeInit
                0x0000000008004f88       0x50 ./Drivers/STM32F4xx_HAL_Driver/Src/stm32f4xx_hal_spi.o
                0x0000000008004f88                HAL_SPI_DeInit
 .text.HAL_SPI_Transmit
                0x0000000008004fd8      0x278 ./Drivers/STM32F4xx_HAL_Driver/Src/stm32f4xx_hal_spi.o
                0x0000000008004fd8                HAL_SPI_Transmit
 .text.HAL_SPI_Receive
                0x0000000008005250      0x222 ./Drivers/STM32F4xx_HAL_Driver/Src/stm32f4xx_hal_spi.o
                0x0000000008005250                HAL_SPI_Receive
 .text.HAL_SPI_TransmitReceive
                0x0000000008005472      0x344 ./Drivers/STM32F4xx_HAL_Driver/Src/stm32f4xx_hal_spi.o
                0x0000000008005472                HAL_SPI_TransmitReceive
 .text.HAL_SPI_GetState
                0x00000000080057b6       0x1c ./Drivers/STM32F4xx_HAL_Driver/Src/stm32f4xx_hal_spi.o
                0x00000000080057b6                HAL_SPI_GetState
 *fill*         0x00000000080057d2        0x2 
 .text.SPI_WaitFlagStateUntilTimeout
                0x00000000080057d4      0x110 ./Drivers/STM32F4xx_HAL_Driver/Src/stm32f4xx_hal_spi.o
 .text.SPI_EndRxTransaction
                0x00000000080058e4       0xca ./Drivers/STM32F4xx_HAL_Driver/Src/stm32f4xx_hal_spi.o
 *fill*         0x00000000080059ae        0x2 
 .text.SPI_EndRxTxTransaction
                0x00000000080059b0       0x84 ./Drivers/STM32F4xx_HAL_Driver/Src/stm32f4xx_hal_spi.o
 .text.HAL_UART_Init
                0x0000000008005a34       0x9a ./Drivers/STM32F4xx_HAL_Driver/Src/stm32f4xx_hal_uart.o
                0x0000000008005a34                HAL_UART_Init
 *fill*         0x0000000008005ace        0x2 
 .text.UART_SetConfig
                0x0000000008005ad0      0x4e8 ./Drivers/STM32F4xx_HAL_Driver/Src/stm32f4xx_hal_uart.o
 .text.FMC_SDRAM_Init
                0x0000000008005fb8       0xba ./Drivers/STM32F4xx_HAL_Driver/Src/stm32f4xx_ll_fmc.o
                0x0000000008005fb8                FMC_SDRAM_Init
 .text.FMC_SDRAM_Timing_Init
                0x0000000008006072       0xd2 ./Drivers/STM32F4xx_HAL_Driver/Src/stm32f4xx_ll_fmc.o
                0x0000000008006072                FMC_SDRAM_Timing_Init
 .text.FMC_SDRAM_SendCommand
                0x0000000008006144       0x7a ./Drivers/STM32F4xx_HAL_Driver/Src/stm32f4xx_ll_fmc.o
                0x0000000008006144                FMC_SDRAM_SendCommand
 .text.FMC_SDRAM_ProgramRefreshRate
                0x00000000080061be       0x2e ./Drivers/STM32F4xx_HAL_Driver/Src/stm32f4xx_ll_fmc.o
                0x00000000080061be                FMC_SDRAM_ProgramRefreshRate
 .text.__libc_init_array
                0x00000000080061ec       0x48 /opt/st/stm32cubeide_1.12.0/plugins/com.st.stm32cube.ide.mcu.externaltools.gnu-tools-for-stm32.10.3-2021.10.linux64_1.0.200.202301161003/tools/bin/../lib/gcc/arm-none-eabi/10.3.1/../../../../arm-none-eabi/lib/thumb/v7e-m+fp/hard/libc_nano.a(lib_a-init.o)
                0x00000000080061ec                __libc_init_array
 .text.memset   0x0000000008006234       0x10 /opt/st/stm32cubeide_1.12.0/plugins/com.st.stm32cube.ide.mcu.externaltools.gnu-tools-for-stm32.10.3-2021.10.linux64_1.0.200.202301161003/tools/bin/../lib/gcc/arm-none-eabi/10.3.1/../../../../arm-none-eabi/lib/thumb/v7e-m+fp/hard/libc_nano.a(lib_a-memset.o)
                0x0000000008006234                memset
 *(.glue_7)
 .glue_7        0x0000000008006244        0x0 linker stubs
 *(.glue_7t)
 .glue_7t       0x0000000008006244        0x0 linker stubs
 *(.eh_frame)
 .eh_frame      0x0000000008006244        0x0 /opt/st/stm32cubeide_1.12.0/plugins/com.st.stm32cube.ide.mcu.externaltools.gnu-tools-for-stm32.10.3-2021.10.linux64_1.0.200.202301161003/tools/bin/../lib/gcc/arm-none-eabi/10.3.1/thumb/v7e-m+fp/hard/crtbegin.o
 *(.init)
 .init          0x0000000008006244        0x4 /opt/st/stm32cubeide_1.12.0/plugins/com.st.stm32cube.ide.mcu.externaltools.gnu-tools-for-stm32.10.3-2021.10.linux64_1.0.200.202301161003/tools/bin/../lib/gcc/arm-none-eabi/10.3.1/thumb/v7e-m+fp/hard/crti.o
                0x0000000008006244                _init
 .init          0x0000000008006248        0x8 /opt/st/stm32cubeide_1.12.0/plugins/com.st.stm32cube.ide.mcu.externaltools.gnu-tools-for-stm32.10.3-2021.10.linux64_1.0.200.202301161003/tools/bin/../lib/gcc/arm-none-eabi/10.3.1/thumb/v7e-m+fp/hard/crtn.o
 *(.fini)
 .fini          0x0000000008006250        0x4 /opt/st/stm32cubeide_1.12.0/plugins/com.st.stm32cube.ide.mcu.externaltools.gnu-tools-for-stm32.10.3-2021.10.linux64_1.0.200.202301161003/tools/bin/../lib/gcc/arm-none-eabi/10.3.1/thumb/v7e-m+fp/hard/crti.o
                0x0000000008006250                _fini
 .fini          0x0000000008006254        0x8 /opt/st/stm32cubeide_1.12.0/plugins/com.st.stm32cube.ide.mcu.externaltools.gnu-tools-for-stm32.10.3-2021.10.linux64_1.0.200.202301161003/tools/bin/../lib/gcc/arm-none-eabi/10.3.1/thumb/v7e-m+fp/hard/crtn.o
                0x000000000800625c                . = ALIGN (0x4)
                0x000000000800625c                _etext = .

.vfp11_veneer   0x000000000800625c        0x0
 .vfp11_veneer  0x000000000800625c        0x0 linker stubs

.v4_bx          0x000000000800625c        0x0
 .v4_bx         0x000000000800625c        0x0 linker stubs

.iplt           0x000000000800625c        0x0
 .iplt          0x000000000800625c        0x0 /opt/st/stm32cubeide_1.12.0/plugins/com.st.stm32cube.ide.mcu.externaltools.gnu-tools-for-stm32.10.3-2021.10.linux64_1.0.200.202301161003/tools/bin/../lib/gcc/arm-none-eabi/10.3.1/thumb/v7e-m+fp/hard/crtbegin.o

.rodata         0x000000000800625c     0x2e98
                0x000000000800625c                . = ALIGN (0x4)
 *(.rodata)
 .rodata        0x000000000800625c       0x74 ./Core/Src/main.o
 *(.rodata*)
 .rodata.AHBPrescTable
                0x00000000080062d0       0x10 ./Core/Src/system_stm32f4xx.o
                0x00000000080062d0                AHBPrescTable
 .rodata.APBPrescTable
                0x00000000080062e0        0x8 ./Core/Src/system_stm32f4xx.o
                0x00000000080062e0                APBPrescTable
 .rodata.Font24_Table
                0x00000000080062e8     0x1ab8 ./Drivers/BSP/STM32F429I-Discovery/stm32f429i_discovery_lcd.o
                0x00000000080062e8                Font24_Table
 .rodata.Font16_Table
                0x0000000008007da0      0xbe0 ./Drivers/BSP/STM32F429I-Discovery/stm32f429i_discovery_lcd.o
                0x0000000008007da0                Font16_Table
 .rodata.Font12_Table
                0x0000000008008980      0x474 ./Drivers/BSP/STM32F429I-Discovery/stm32f429i_discovery_lcd.o
                0x0000000008008980                Font12_Table
 .rodata.Font8_Table
                0x0000000008008df4      0x2f8 ./Drivers/BSP/STM32F429I-Discovery/stm32f429i_discovery_lcd.o
                0x0000000008008df4                Font8_Table
 .rodata.flagBitshiftOffset.0
                0x00000000080090ec        0x8 ./Drivers/STM32F4xx_HAL_Driver/Src/stm32f4xx_hal_dma.o
                0x00000000080090f4                . = ALIGN (0x4)

.ARM.extab      0x00000000080090f4        0x0
                0x00000000080090f4                . = ALIGN (0x4)
 *(.ARM.extab* .gnu.linkonce.armextab.*)
                0x00000000080090f4                . = ALIGN (0x4)

.ARM            0x00000000080090f4        0x8
                0x00000000080090f4                . = ALIGN (0x4)
                0x00000000080090f4                __exidx_start = .
 *(.ARM.exidx*)
 .ARM.exidx     0x00000000080090f4        0x8 /opt/st/stm32cubeide_1.12.0/plugins/com.st.stm32cube.ide.mcu.externaltools.gnu-tools-for-stm32.10.3-2021.10.linux64_1.0.200.202301161003/tools/bin/../lib/gcc/arm-none-eabi/10.3.1/thumb/v7e-m+fp/hard/libgcc.a(_udivmoddi4.o)
                0x00000000080090fc                __exidx_end = .
                0x00000000080090fc                . = ALIGN (0x4)

.rel.dyn        0x00000000080090fc        0x0
 .rel.iplt      0x00000000080090fc        0x0 /opt/st/stm32cubeide_1.12.0/plugins/com.st.stm32cube.ide.mcu.externaltools.gnu-tools-for-stm32.10.3-2021.10.linux64_1.0.200.202301161003/tools/bin/../lib/gcc/arm-none-eabi/10.3.1/thumb/v7e-m+fp/hard/crtbegin.o

.preinit_array  0x00000000080090fc        0x0
                0x00000000080090fc                . = ALIGN (0x4)
                0x00000000080090fc                PROVIDE (__preinit_array_start = .)
 *(.preinit_array*)
                0x00000000080090fc                PROVIDE (__preinit_array_end = .)
                0x00000000080090fc                . = ALIGN (0x4)

.init_array     0x00000000080090fc        0x4
                0x00000000080090fc                . = ALIGN (0x4)
                0x00000000080090fc                PROVIDE (__init_array_start = .)
 *(SORT_BY_NAME(.init_array.*))
 *(.init_array*)
 .init_array    0x00000000080090fc        0x4 /opt/st/stm32cubeide_1.12.0/plugins/com.st.stm32cube.ide.mcu.externaltools.gnu-tools-for-stm32.10.3-2021.10.linux64_1.0.200.202301161003/tools/bin/../lib/gcc/arm-none-eabi/10.3.1/thumb/v7e-m+fp/hard/crtbegin.o
                0x0000000008009100                PROVIDE (__init_array_end = .)
                0x0000000008009100                . = ALIGN (0x4)

.fini_array     0x0000000008009100        0x4
                0x0000000008009100                . = ALIGN (0x4)
                [!provide]                        PROVIDE (__fini_array_start = .)
 *(SORT_BY_NAME(.fini_array.*))
 *(.fini_array*)
 .fini_array    0x0000000008009100        0x4 /opt/st/stm32cubeide_1.12.0/plugins/com.st.stm32cube.ide.mcu.externaltools.gnu-tools-for-stm32.10.3-2021.10.linux64_1.0.200.202301161003/tools/bin/../lib/gcc/arm-none-eabi/10.3.1/thumb/v7e-m+fp/hard/crtbegin.o
                [!provide]                        PROVIDE (__fini_array_end = .)
                0x0000000008009104                . = ALIGN (0x4)
                0x0000000008009104                _sidata = LOADADDR (.data)

.data           0x0000000020000000       0x6c load address 0x0000000008009104
                0x0000000020000000                . = ALIGN (0x4)
                0x0000000020000000                _sdata = .
 *(.data)
 *(.data*)
 .data.SystemCoreClock
                0x0000000020000000        0x4 ./Core/Src/system_stm32f4xx.o
                0x0000000020000000                SystemCoreClock
 .data.ili9341_drv
                0x0000000020000004       0x38 ./Drivers/BSP/Components/ili9341/ili9341.o
                0x0000000020000004                ili9341_drv
 .data.SpixTimeout
                0x000000002000003c        0x4 ./Drivers/BSP/STM32F429I-Discovery/stm32f429i_discovery.o
                0x000000002000003c                SpixTimeout
 .data.Font24   0x0000000020000040        0x8 ./Drivers/BSP/STM32F429I-Discovery/stm32f429i_discovery_lcd.o
                0x0000000020000040                Font24
 .data.Font16   0x0000000020000048        0x8 ./Drivers/BSP/STM32F429I-Discovery/stm32f429i_discovery_lcd.o
                0x0000000020000048                Font16
 .data.Font12   0x0000000020000050        0x8 ./Drivers/BSP/STM32F429I-Discovery/stm32f429i_discovery_lcd.o
                0x0000000020000050                Font12
 .data.Font8    0x0000000020000058        0x8 ./Drivers/BSP/STM32F429I-Discovery/stm32f429i_discovery_lcd.o
                0x0000000020000058                Font8
 .data.sdramstatus.2
                0x0000000020000060        0x1 ./Drivers/BSP/STM32F429I-Discovery/stm32f429i_discovery_sdram.o
 *fill*         0x0000000020000061        0x3 
 .data.uwTickPrio
                0x0000000020000064        0x4 ./Drivers/STM32F4xx_HAL_Driver/Src/stm32f4xx_hal.o
                0x0000000020000064                uwTickPrio
 .data.uwTickFreq
                0x0000000020000068        0x1 ./Drivers/STM32F4xx_HAL_Driver/Src/stm32f4xx_hal.o
                0x0000000020000068                uwTickFreq
 *(.RamFunc)
 *(.RamFunc*)
                0x000000002000006c                . = ALIGN (0x4)
 *fill*         0x0000000020000069        0x3 
                0x000000002000006c                _edata = .
                0x0000000008009170                _siccmram = LOADADDR (.ccmram)

.igot.plt       0x000000002000006c        0x0 load address 0x0000000008009170
 .igot.plt      0x000000002000006c        0x0 /opt/st/stm32cubeide_1.12.0/plugins/com.st.stm32cube.ide.mcu.externaltools.gnu-tools-for-stm32.10.3-2021.10.linux64_1.0.200.202301161003/tools/bin/../lib/gcc/arm-none-eabi/10.3.1/thumb/v7e-m+fp/hard/crtbegin.o

.ccmram         0x0000000010000000        0x0 load address 0x0000000008009170
                0x0000000010000000                . = ALIGN (0x4)
                0x0000000010000000                _sccmram = .
 *(.ccmram)
 *(.ccmram*)
                0x0000000010000000                . = ALIGN (0x4)
                0x0000000010000000                _eccmram = .
                0x0000000010000000                . = ALIGN (0x4)

.bss            0x000000002000006c      0x484
                0x000000002000006c                _sbss = .
                0x000000002000006c                __bss_start__ = _sbss
 *(.bss)
 .bss           0x000000002000006c       0x1c /opt/st/stm32cubeide_1.12.0/plugins/com.st.stm32cube.ide.mcu.externaltools.gnu-tools-for-stm32.10.3-2021.10.linux64_1.0.200.202301161003/tools/bin/../lib/gcc/arm-none-eabi/10.3.1/thumb/v7e-m+fp/hard/crtbegin.o
 *(.bss*)
 .bss.hdma2d    0x0000000020000088       0x40 ./Core/Src/main.o
                0x0000000020000088                hdma2d
 .bss.hi2c3     0x00000000200000c8       0x54 ./Core/Src/main.o
                0x00000000200000c8                hi2c3
 .bss.hltdc     0x000000002000011c       0xa8 ./Core/Src/main.o
                0x000000002000011c                hltdc
 .bss.hspi5     0x00000000200001c4       0x58 ./Core/Src/main.o
                0x00000000200001c4                hspi5
 .bss.huart1    0x000000002000021c       0x44 ./Core/Src/main.o
                0x000000002000021c                huart1
 .bss.hsdram1   0x0000000020000260       0x34 ./Core/Src/main.o
                0x0000000020000260                hsdram1
 .bss.FMC_Initialized
                0x0000000020000294        0x4 ./Core/Src/stm32f4xx_hal_msp.o
 .bss.SpiHandle
                0x0000000020000298       0x58 ./Drivers/BSP/STM32F429I-Discovery/stm32f429i_discovery.o
 .bss.Is_LCD_IO_Initialized
                0x00000000200002f0        0x1 ./Drivers/BSP/STM32F429I-Discovery/stm32f429i_discovery.o
 *fill*         0x00000000200002f1        0x3 
 .bss.LtdcHandler
                0x00000000200002f4       0xa8 ./Drivers/BSP/STM32F429I-Discovery/stm32f429i_discovery_lcd.o
                0x00000000200002f4                LtdcHandler
 .bss.Dma2dHandler
                0x000000002000039c       0x40 ./Drivers/BSP/STM32F429I-Discovery/stm32f429i_discovery_lcd.o
 .bss.PeriphClkInitStruct
                0x00000000200003dc       0x30 ./Drivers/BSP/STM32F429I-Discovery/stm32f429i_discovery_lcd.o
 .bss.ActiveLayer
                0x000000002000040c        0x4 ./Drivers/BSP/STM32F429I-Discovery/stm32f429i_discovery_lcd.o
 .bss.DrawProp  0x0000000020000410       0x18 ./Drivers/BSP/STM32F429I-Discovery/stm32f429i_discovery_lcd.o
 .bss.LcdDrv    0x0000000020000428        0x4 ./Drivers/BSP/STM32F429I-Discovery/stm32f429i_discovery_lcd.o
                0x0000000020000428                LcdDrv
 .bss.SdramHandle
                0x000000002000042c       0x34 ./Drivers/BSP/STM32F429I-Discovery/stm32f429i_discovery_sdram.o
 .bss.Timing    0x0000000020000460       0x1c ./Drivers/BSP/STM32F429I-Discovery/stm32f429i_discovery_sdram.o
 .bss.Command   0x000000002000047c       0x10 ./Drivers/BSP/STM32F429I-Discovery/stm32f429i_discovery_sdram.o
 .bss.dmaHandle.1
                0x000000002000048c       0x60 ./Drivers/BSP/STM32F429I-Discovery/stm32f429i_discovery_sdram.o
 .bss.uwTick    0x00000000200004ec        0x4 ./Drivers/STM32F4xx_HAL_Driver/Src/stm32f4xx_hal.o
                0x00000000200004ec                uwTick
 *(COMMON)
                0x00000000200004f0                . = ALIGN (0x4)
                0x00000000200004f0                _ebss = .
                0x00000000200004f0                __bss_end__ = _ebss

._user_heap_stack
                0x00000000200004f0      0x600
                0x00000000200004f0                . = ALIGN (0x8)
                [!provide]                        PROVIDE (end = .)
                0x00000000200004f0                PROVIDE (_end = .)
                0x00000000200006f0                . = (. + _Min_Heap_Size)
 *fill*         0x00000000200004f0      0x200 
                0x0000000020000af0                . = (. + _Min_Stack_Size)
 *fill*         0x00000000200006f0      0x400 
                0x0000000020000af0                . = ALIGN (0x8)

/DISCARD/
 libc.a(*)
 libm.a(*)
 libgcc.a(*)

.ARM.attributes
                0x0000000000000000       0x30
 *(.ARM.attributes)
 .ARM.attributes
                0x0000000000000000       0x1e /opt/st/stm32cubeide_1.12.0/plugins/com.st.stm32cube.ide.mcu.externaltools.gnu-tools-for-stm32.10.3-2021.10.linux64_1.0.200.202301161003/tools/bin/../lib/gcc/arm-none-eabi/10.3.1/thumb/v7e-m+fp/hard/crti.o
 .ARM.attributes
                0x000000000000001e       0x34 /opt/st/stm32cubeide_1.12.0/plugins/com.st.stm32cube.ide.mcu.externaltools.gnu-tools-for-stm32.10.3-2021.10.linux64_1.0.200.202301161003/tools/bin/../lib/gcc/arm-none-eabi/10.3.1/thumb/v7e-m+fp/hard/crtbegin.o
 .ARM.attributes
                0x0000000000000052       0x34 ./Core/Src/main.o
 .ARM.attributes
                0x0000000000000086       0x34 ./Core/Src/stm32f4xx_hal_msp.o
 .ARM.attributes
                0x00000000000000ba       0x34 ./Core/Src/stm32f4xx_it.o
 .ARM.attributes
                0x00000000000000ee       0x34 ./Core/Src/system_stm32f4xx.o
 .ARM.attributes
                0x0000000000000122       0x21 ./Core/Startup/startup_stm32f429zitx.o
 .ARM.attributes
                0x0000000000000143       0x34 ./Drivers/BSP/Components/ili9341/ili9341.o
 .ARM.attributes
                0x0000000000000177       0x34 ./Drivers/BSP/STM32F429I-Discovery/stm32f429i_discovery.o
 .ARM.attributes
                0x00000000000001ab       0x34 ./Drivers/BSP/STM32F429I-Discovery/stm32f429i_discovery_lcd.o
 .ARM.attributes
                0x00000000000001df       0x34 ./Drivers/BSP/STM32F429I-Discovery/stm32f429i_discovery_sdram.o
 .ARM.attributes
                0x0000000000000213       0x34 ./Drivers/STM32F4xx_HAL_Driver/Src/stm32f4xx_hal.o
 .ARM.attributes
                0x0000000000000247       0x34 ./Drivers/STM32F4xx_HAL_Driver/Src/stm32f4xx_hal_cortex.o
 .ARM.attributes
                0x000000000000027b       0x34 ./Drivers/STM32F4xx_HAL_Driver/Src/stm32f4xx_hal_dma.o
 .ARM.attributes
                0x00000000000002af       0x34 ./Drivers/STM32F4xx_HAL_Driver/Src/stm32f4xx_hal_dma2d.o
 .ARM.attributes
                0x00000000000002e3       0x34 ./Drivers/STM32F4xx_HAL_Driver/Src/stm32f4xx_hal_gpio.o
 .ARM.attributes
                0x0000000000000317       0x34 ./Drivers/STM32F4xx_HAL_Driver/Src/stm32f4xx_hal_i2c.o
 .ARM.attributes
                0x000000000000034b       0x34 ./Drivers/STM32F4xx_HAL_Driver/Src/stm32f4xx_hal_i2c_ex.o
 .ARM.attributes
                0x000000000000037f       0x34 ./Drivers/STM32F4xx_HAL_Driver/Src/stm32f4xx_hal_ltdc.o
 .ARM.attributes
                0x00000000000003b3       0x34 ./Drivers/STM32F4xx_HAL_Driver/Src/stm32f4xx_hal_pwr_ex.o
 .ARM.attributes
                0x00000000000003e7       0x34 ./Drivers/STM32F4xx_HAL_Driver/Src/stm32f4xx_hal_rcc.o
 .ARM.attributes
                0x000000000000041b       0x34 ./Drivers/STM32F4xx_HAL_Driver/Src/stm32f4xx_hal_rcc_ex.o
 .ARM.attributes
                0x000000000000044f       0x34 ./Drivers/STM32F4xx_HAL_Driver/Src/stm32f4xx_hal_sdram.o
 .ARM.attributes
                0x0000000000000483       0x34 ./Drivers/STM32F4xx_HAL_Driver/Src/stm32f4xx_hal_spi.o
 .ARM.attributes
                0x00000000000004b7       0x34 ./Drivers/STM32F4xx_HAL_Driver/Src/stm32f4xx_hal_uart.o
 .ARM.attributes
                0x00000000000004eb       0x34 ./Drivers/STM32F4xx_HAL_Driver/Src/stm32f4xx_ll_fmc.o
 .ARM.attributes
                0x000000000000051f       0x34 /opt/st/stm32cubeide_1.12.0/plugins/com.st.stm32cube.ide.mcu.externaltools.gnu-tools-for-stm32.10.3-2021.10.linux64_1.0.200.202301161003/tools/bin/../lib/gcc/arm-none-eabi/10.3.1/../../../../arm-none-eabi/lib/thumb/v7e-m+fp/hard/libc_nano.a(lib_a-init.o)
 .ARM.attributes
                0x0000000000000553       0x34 /opt/st/stm32cubeide_1.12.0/plugins/com.st.stm32cube.ide.mcu.externaltools.gnu-tools-for-stm32.10.3-2021.10.linux64_1.0.200.202301161003/tools/bin/../lib/gcc/arm-none-eabi/10.3.1/../../../../arm-none-eabi/lib/thumb/v7e-m+fp/hard/libc_nano.a(lib_a-memset.o)
 .ARM.attributes
                0x0000000000000587       0x1e /opt/st/stm32cubeide_1.12.0/plugins/com.st.stm32cube.ide.mcu.externaltools.gnu-tools-for-stm32.10.3-2021.10.linux64_1.0.200.202301161003/tools/bin/../lib/gcc/arm-none-eabi/10.3.1/thumb/v7e-m+fp/hard/libgcc.a(_aeabi_uldivmod.o)
 .ARM.attributes
                0x00000000000005a5       0x34 /opt/st/stm32cubeide_1.12.0/plugins/com.st.stm32cube.ide.mcu.externaltools.gnu-tools-for-stm32.10.3-2021.10.linux64_1.0.200.202301161003/tools/bin/../lib/gcc/arm-none-eabi/10.3.1/thumb/v7e-m+fp/hard/libgcc.a(_udivmoddi4.o)
 .ARM.attributes
                0x00000000000005d9       0x1e /opt/st/stm32cubeide_1.12.0/plugins/com.st.stm32cube.ide.mcu.externaltools.gnu-tools-for-stm32.10.3-2021.10.linux64_1.0.200.202301161003/tools/bin/../lib/gcc/arm-none-eabi/10.3.1/thumb/v7e-m+fp/hard/libgcc.a(_dvmd_tls.o)
 .ARM.attributes
                0x00000000000005f7       0x1e /opt/st/stm32cubeide_1.12.0/plugins/com.st.stm32cube.ide.mcu.externaltools.gnu-tools-for-stm32.10.3-2021.10.linux64_1.0.200.202301161003/tools/bin/../lib/gcc/arm-none-eabi/10.3.1/thumb/v7e-m+fp/hard/crtn.o
OUTPUT(BELIVE.elf elf32-littlearm)
LOAD linker stubs
LOAD /opt/st/stm32cubeide_1.12.0/plugins/com.st.stm32cube.ide.mcu.externaltools.gnu-tools-for-stm32.10.3-2021.10.linux64_1.0.200.202301161003/tools/bin/../lib/gcc/arm-none-eabi/10.3.1/../../../../arm-none-eabi/lib/thumb/v7e-m+fp/hard/libc.a
LOAD /opt/st/stm32cubeide_1.12.0/plugins/com.st.stm32cube.ide.mcu.externaltools.gnu-tools-for-stm32.10.3-2021.10.linux64_1.0.200.202301161003/tools/bin/../lib/gcc/arm-none-eabi/10.3.1/../../../../arm-none-eabi/lib/thumb/v7e-m+fp/hard/libm.a
LOAD /opt/st/stm32cubeide_1.12.0/plugins/com.st.stm32cube.ide.mcu.externaltools.gnu-tools-for-stm32.10.3-2021.10.linux64_1.0.200.202301161003/tools/bin/../lib/gcc/arm-none-eabi/10.3.1/thumb/v7e-m+fp/hard/libgcc.a

.debug_info     0x0000000000000000    0x18992
 .debug_info    0x0000000000000000     0x1ced ./Core/Src/main.o
 .debug_info    0x0000000000001ced     0x1c2d ./Core/Src/stm32f4xx_hal_msp.o
 .debug_info    0x000000000000391a      0x121 ./Core/Src/stm32f4xx_it.o
 .debug_info    0x0000000000003a3b      0x53f ./Core/Src/system_stm32f4xx.o
 .debug_info    0x0000000000003f7a       0x22 ./Core/Startup/startup_stm32f429zitx.o
 .debug_info    0x0000000000003f9c      0x3c2 ./Drivers/BSP/Components/ili9341/ili9341.o
 .debug_info    0x000000000000435e     0x1aeb ./Drivers/BSP/STM32F429I-Discovery/stm32f429i_discovery.o
 .debug_info    0x0000000000005e49     0x2618 ./Drivers/BSP/STM32F429I-Discovery/stm32f429i_discovery_lcd.o
 .debug_info    0x0000000000008461     0x1089 ./Drivers/BSP/STM32F429I-Discovery/stm32f429i_discovery_sdram.o
 .debug_info    0x00000000000094ea      0x9f4 ./Drivers/STM32F4xx_HAL_Driver/Src/stm32f4xx_hal.o
 .debug_info    0x0000000000009ede      0xe51 ./Drivers/STM32F4xx_HAL_Driver/Src/stm32f4xx_hal_cortex.o
 .debug_info    0x000000000000ad2f      0x94f ./Drivers/STM32F4xx_HAL_Driver/Src/stm32f4xx_hal_dma.o
 .debug_info    0x000000000000b67e      0xf91 ./Drivers/STM32F4xx_HAL_Driver/Src/stm32f4xx_hal_dma2d.o
 .debug_info    0x000000000000c60f      0x786 ./Drivers/STM32F4xx_HAL_Driver/Src/stm32f4xx_hal_gpio.o
 .debug_info    0x000000000000cd95     0x2617 ./Drivers/STM32F4xx_HAL_Driver/Src/stm32f4xx_hal_i2c.o
 .debug_info    0x000000000000f3ac      0x6b6 ./Drivers/STM32F4xx_HAL_Driver/Src/stm32f4xx_hal_i2c_ex.o
 .debug_info    0x000000000000fa62     0x114d ./Drivers/STM32F4xx_HAL_Driver/Src/stm32f4xx_hal_ltdc.o
 .debug_info    0x0000000000010baf      0x6e6 ./Drivers/STM32F4xx_HAL_Driver/Src/stm32f4xx_hal_pwr_ex.o
 .debug_info    0x0000000000011295      0x982 ./Drivers/STM32F4xx_HAL_Driver/Src/stm32f4xx_hal_rcc.o
 .debug_info    0x0000000000011c17      0x689 ./Drivers/STM32F4xx_HAL_Driver/Src/stm32f4xx_hal_rcc_ex.o
 .debug_info    0x00000000000122a0      0xf46 ./Drivers/STM32F4xx_HAL_Driver/Src/stm32f4xx_hal_sdram.o
 .debug_info    0x00000000000131e6     0x1758 ./Drivers/STM32F4xx_HAL_Driver/Src/stm32f4xx_hal_spi.o
 .debug_info    0x000000000001493e     0x31bc ./Drivers/STM32F4xx_HAL_Driver/Src/stm32f4xx_hal_uart.o
 .debug_info    0x0000000000017afa      0xe98 ./Drivers/STM32F4xx_HAL_Driver/Src/stm32f4xx_ll_fmc.o

.debug_abbrev   0x0000000000000000     0x31b8
 .debug_abbrev  0x0000000000000000      0x2c8 ./Core/Src/main.o
 .debug_abbrev  0x00000000000002c8      0x271 ./Core/Src/stm32f4xx_hal_msp.o
 .debug_abbrev  0x0000000000000539       0x74 ./Core/Src/stm32f4xx_it.o
 .debug_abbrev  0x00000000000005ad      0x116 ./Core/Src/system_stm32f4xx.o
 .debug_abbrev  0x00000000000006c3       0x12 ./Core/Startup/startup_stm32f429zitx.o
 .debug_abbrev  0x00000000000006d5      0x1a8 ./Drivers/BSP/Components/ili9341/ili9341.o
 .debug_abbrev  0x000000000000087d      0x2e2 ./Drivers/BSP/STM32F429I-Discovery/stm32f429i_discovery.o
 .debug_abbrev  0x0000000000000b5f      0x32c ./Drivers/BSP/STM32F429I-Discovery/stm32f429i_discovery_lcd.o
 .debug_abbrev  0x0000000000000e8b      0x276 ./Drivers/BSP/STM32F429I-Discovery/stm32f429i_discovery_sdram.o
 .debug_abbrev  0x0000000000001101      0x20d ./Drivers/STM32F4xx_HAL_Driver/Src/stm32f4xx_hal.o
 .debug_abbrev  0x000000000000130e      0x316 ./Drivers/STM32F4xx_HAL_Driver/Src/stm32f4xx_hal_cortex.o
 .debug_abbrev  0x0000000000001624      0x25b ./Drivers/STM32F4xx_HAL_Driver/Src/stm32f4xx_hal_dma.o
 .debug_abbrev  0x000000000000187f      0x22e ./Drivers/STM32F4xx_HAL_Driver/Src/stm32f4xx_hal_dma2d.o
 .debug_abbrev  0x0000000000001aad      0x1c4 ./Drivers/STM32F4xx_HAL_Driver/Src/stm32f4xx_hal_gpio.o
 .debug_abbrev  0x0000000000001c71      0x297 ./Drivers/STM32F4xx_HAL_Driver/Src/stm32f4xx_hal_i2c.o
 .debug_abbrev  0x0000000000001f08      0x14c ./Drivers/STM32F4xx_HAL_Driver/Src/stm32f4xx_hal_i2c_ex.o
 .debug_abbrev  0x0000000000002054      0x221 ./Drivers/STM32F4xx_HAL_Driver/Src/stm32f4xx_hal_ltdc.o
 .debug_abbrev  0x0000000000002275      0x1c9 ./Drivers/STM32F4xx_HAL_Driver/Src/stm32f4xx_hal_pwr_ex.o
 .debug_abbrev  0x000000000000243e      0x2aa ./Drivers/STM32F4xx_HAL_Driver/Src/stm32f4xx_hal_rcc.o
 .debug_abbrev  0x00000000000026e8      0x1a8 ./Drivers/STM32F4xx_HAL_Driver/Src/stm32f4xx_hal_rcc_ex.o
 .debug_abbrev  0x0000000000002890      0x230 ./Drivers/STM32F4xx_HAL_Driver/Src/stm32f4xx_hal_sdram.o
 .debug_abbrev  0x0000000000002ac0      0x26e ./Drivers/STM32F4xx_HAL_Driver/Src/stm32f4xx_hal_spi.o
 .debug_abbrev  0x0000000000002d2e      0x2f4 ./Drivers/STM32F4xx_HAL_Driver/Src/stm32f4xx_hal_uart.o
 .debug_abbrev  0x0000000000003022      0x196 ./Drivers/STM32F4xx_HAL_Driver/Src/stm32f4xx_ll_fmc.o

.debug_aranges  0x0000000000000000     0x1478
 .debug_aranges
                0x0000000000000000       0x70 ./Core/Src/main.o
 .debug_aranges
                0x0000000000000070       0x90 ./Core/Src/stm32f4xx_hal_msp.o
 .debug_aranges
                0x0000000000000100       0x60 ./Core/Src/stm32f4xx_it.o
 .debug_aranges
                0x0000000000000160       0x28 ./Core/Src/system_stm32f4xx.o
 .debug_aranges
                0x0000000000000188       0x28 ./Core/Startup/startup_stm32f429zitx.o
 .debug_aranges
                0x00000000000001b0       0x60 ./Drivers/BSP/Components/ili9341/ili9341.o
 .debug_aranges
                0x0000000000000210      0x138 ./Drivers/BSP/STM32F429I-Discovery/stm32f429i_discovery.o
 .debug_aranges
                0x0000000000000348      0x1a8 ./Drivers/BSP/STM32F429I-Discovery/stm32f429i_discovery_lcd.o
 .debug_aranges
                0x00000000000004f0       0x68 ./Drivers/BSP/STM32F429I-Discovery/stm32f429i_discovery_sdram.o
 .debug_aranges
                0x0000000000000558      0x100 ./Drivers/STM32F4xx_HAL_Driver/Src/stm32f4xx_hal.o
 .debug_aranges
                0x0000000000000658      0x118 ./Drivers/STM32F4xx_HAL_Driver/Src/stm32f4xx_hal_cortex.o
 .debug_aranges
                0x0000000000000770       0x90 ./Drivers/STM32F4xx_HAL_Driver/Src/stm32f4xx_hal_dma.o
 .debug_aranges
                0x0000000000000800      0x118 ./Drivers/STM32F4xx_HAL_Driver/Src/stm32f4xx_hal_dma2d.o
 .debug_aranges
                0x0000000000000918       0x58 ./Drivers/STM32F4xx_HAL_Driver/Src/stm32f4xx_hal_gpio.o
 .debug_aranges
                0x0000000000000970      0x2a0 ./Drivers/STM32F4xx_HAL_Driver/Src/stm32f4xx_hal_i2c.o
 .debug_aranges
                0x0000000000000c10       0x28 ./Drivers/STM32F4xx_HAL_Driver/Src/stm32f4xx_hal_i2c_ex.o
 .debug_aranges
                0x0000000000000c38      0x158 ./Drivers/STM32F4xx_HAL_Driver/Src/stm32f4xx_hal_ltdc.o
 .debug_aranges
                0x0000000000000d90       0x60 ./Drivers/STM32F4xx_HAL_Driver/Src/stm32f4xx_hal_pwr_ex.o
 .debug_aranges
                0x0000000000000df0       0x88 ./Drivers/STM32F4xx_HAL_Driver/Src/stm32f4xx_hal_rcc.o
 .debug_aranges
                0x0000000000000e78       0x58 ./Drivers/STM32F4xx_HAL_Driver/Src/stm32f4xx_hal_rcc_ex.o
 .debug_aranges
                0x0000000000000ed0       0xe8 ./Drivers/STM32F4xx_HAL_Driver/Src/stm32f4xx_hal_sdram.o
 .debug_aranges
                0x0000000000000fb8      0x1d0 ./Drivers/STM32F4xx_HAL_Driver/Src/stm32f4xx_hal_spi.o
 .debug_aranges
                0x0000000000001188      0x200 ./Drivers/STM32F4xx_HAL_Driver/Src/stm32f4xx_hal_uart.o
 .debug_aranges
                0x0000000000001388       0xf0 ./Drivers/STM32F4xx_HAL_Driver/Src/stm32f4xx_ll_fmc.o

.debug_ranges   0x0000000000000000     0x1348
 .debug_ranges  0x0000000000000000       0x60 ./Core/Src/main.o
 .debug_ranges  0x0000000000000060       0x80 ./Core/Src/stm32f4xx_hal_msp.o
 .debug_ranges  0x00000000000000e0       0x50 ./Core/Src/stm32f4xx_it.o
 .debug_ranges  0x0000000000000130       0x18 ./Core/Src/system_stm32f4xx.o
 .debug_ranges  0x0000000000000148       0x20 ./Core/Startup/startup_stm32f429zitx.o
 .debug_ranges  0x0000000000000168       0x50 ./Drivers/BSP/Components/ili9341/ili9341.o
 .debug_ranges  0x00000000000001b8      0x128 ./Drivers/BSP/STM32F429I-Discovery/stm32f429i_discovery.o
 .debug_ranges  0x00000000000002e0      0x198 ./Drivers/BSP/STM32F429I-Discovery/stm32f429i_discovery_lcd.o
 .debug_ranges  0x0000000000000478       0x58 ./Drivers/BSP/STM32F429I-Discovery/stm32f429i_discovery_sdram.o
 .debug_ranges  0x00000000000004d0       0xf0 ./Drivers/STM32F4xx_HAL_Driver/Src/stm32f4xx_hal.o
 .debug_ranges  0x00000000000005c0      0x108 ./Drivers/STM32F4xx_HAL_Driver/Src/stm32f4xx_hal_cortex.o
 .debug_ranges  0x00000000000006c8       0x80 ./Drivers/STM32F4xx_HAL_Driver/Src/stm32f4xx_hal_dma.o
 .debug_ranges  0x0000000000000748      0x108 ./Drivers/STM32F4xx_HAL_Driver/Src/stm32f4xx_hal_dma2d.o
 .debug_ranges  0x0000000000000850       0x48 ./Drivers/STM32F4xx_HAL_Driver/Src/stm32f4xx_hal_gpio.o
 .debug_ranges  0x0000000000000898      0x2a8 ./Drivers/STM32F4xx_HAL_Driver/Src/stm32f4xx_hal_i2c.o
 .debug_ranges  0x0000000000000b40       0x18 ./Drivers/STM32F4xx_HAL_Driver/Src/stm32f4xx_hal_i2c_ex.o
 .debug_ranges  0x0000000000000b58      0x148 ./Drivers/STM32F4xx_HAL_Driver/Src/stm32f4xx_hal_ltdc.o
 .debug_ranges  0x0000000000000ca0       0x50 ./Drivers/STM32F4xx_HAL_Driver/Src/stm32f4xx_hal_pwr_ex.o
 .debug_ranges  0x0000000000000cf0       0x78 ./Drivers/STM32F4xx_HAL_Driver/Src/stm32f4xx_hal_rcc.o
 .debug_ranges  0x0000000000000d68       0x48 ./Drivers/STM32F4xx_HAL_Driver/Src/stm32f4xx_hal_rcc_ex.o
 .debug_ranges  0x0000000000000db0       0xd8 ./Drivers/STM32F4xx_HAL_Driver/Src/stm32f4xx_hal_sdram.o
 .debug_ranges  0x0000000000000e88      0x1c0 ./Drivers/STM32F4xx_HAL_Driver/Src/stm32f4xx_hal_spi.o
 .debug_ranges  0x0000000000001048      0x220 ./Drivers/STM32F4xx_HAL_Driver/Src/stm32f4xx_hal_uart.o
 .debug_ranges  0x0000000000001268       0xe0 ./Drivers/STM32F4xx_HAL_Driver/Src/stm32f4xx_ll_fmc.o

.debug_macro    0x0000000000000000    0x252df
 .debug_macro   0x0000000000000000      0x275 ./Core/Src/main.o
 .debug_macro   0x0000000000000275      0xa78 ./Core/Src/main.o
 .debug_macro   0x0000000000000ced      0x2b3 ./Core/Src/main.o
 .debug_macro   0x0000000000000fa0       0x2e ./Core/Src/main.o
 .debug_macro   0x0000000000000fce       0x28 ./Core/Src/main.o
 .debug_macro   0x0000000000000ff6       0x22 ./Core/Src/main.o
 .debug_macro   0x0000000000001018       0x8e ./Core/Src/main.o
 .debug_macro   0x00000000000010a6       0x51 ./Core/Src/main.o
 .debug_macro   0x00000000000010f7      0x103 ./Core/Src/main.o
 .debug_macro   0x00000000000011fa       0x6a ./Core/Src/main.o
 .debug_macro   0x0000000000001264      0x1df ./Core/Src/main.o
 .debug_macro   0x0000000000001443       0x1c ./Core/Src/main.o
 .debug_macro   0x000000000000145f       0x22 ./Core/Src/main.o
 .debug_macro   0x0000000000001481       0xd9 ./Core/Src/main.o
 .debug_macro   0x000000000000155a     0x102d ./Core/Src/main.o
 .debug_macro   0x0000000000002587      0x11f ./Core/Src/main.o
 .debug_macro   0x00000000000026a6    0x17fc0 ./Core/Src/main.o
 .debug_macro   0x000000000001a666       0x6d ./Core/Src/main.o
 .debug_macro   0x000000000001a6d3     0x36f5 ./Core/Src/main.o
 .debug_macro   0x000000000001ddc8      0x174 ./Core/Src/main.o
 .debug_macro   0x000000000001df3c       0x5c ./Core/Src/main.o
 .debug_macro   0x000000000001df98      0xca5 ./Core/Src/main.o
 .debug_macro   0x000000000001ec3d      0x9fe ./Core/Src/main.o
 .debug_macro   0x000000000001f63b      0x115 ./Core/Src/main.o
 .debug_macro   0x000000000001f750      0x156 ./Core/Src/main.o
 .debug_macro   0x000000000001f8a6       0xa5 ./Core/Src/main.o
 .debug_macro   0x000000000001f94b      0x182 ./Core/Src/main.o
 .debug_macro   0x000000000001facd      0x287 ./Core/Src/main.o
 .debug_macro   0x000000000001fd54       0x5f ./Core/Src/main.o
 .debug_macro   0x000000000001fdb3      0x236 ./Core/Src/main.o
 .debug_macro   0x000000000001ffe9      0x208 ./Core/Src/main.o
 .debug_macro   0x00000000000201f1      0x132 ./Core/Src/main.o
 .debug_macro   0x0000000000020323      0x41d ./Core/Src/main.o
 .debug_macro   0x0000000000020740       0x2e ./Core/Src/main.o
 .debug_macro   0x000000000002076e      0x556 ./Core/Src/main.o
 .debug_macro   0x0000000000020cc4      0x1b5 ./Core/Src/main.o
 .debug_macro   0x0000000000020e79       0x22 ./Core/Src/main.o
 .debug_macro   0x0000000000020e9b       0xd6 ./Core/Src/main.o
 .debug_macro   0x0000000000020f71      0x198 ./Core/Src/main.o
 .debug_macro   0x0000000000021109       0xd6 ./Core/Src/main.o
 .debug_macro   0x00000000000211df      0x11a ./Core/Src/main.o
 .debug_macro   0x00000000000212f9       0xe2 ./Core/Src/main.o
 .debug_macro   0x00000000000213db       0x89 ./Core/Src/main.o
 .debug_macro   0x0000000000021464      0x225 ./Core/Src/main.o
 .debug_macro   0x0000000000021689      0x295 ./Core/Src/main.o
 .debug_macro   0x000000000002191e      0x134 ./Core/Src/main.o
 .debug_macro   0x0000000000021a52      0x25e ./Core/Src/main.o
 .debug_macro   0x0000000000021cb0       0xa6 ./Core/Src/main.o
 .debug_macro   0x0000000000021d56       0x10 ./Core/Src/main.o
 .debug_macro   0x0000000000021d66      0x26d ./Core/Src/main.o
 .debug_macro   0x0000000000021fd3      0x111 ./Core/Src/main.o
 .debug_macro   0x00000000000220e4      0x226 ./Core/Src/stm32f4xx_hal_msp.o
 .debug_macro   0x000000000002230a      0x230 ./Core/Src/stm32f4xx_it.o
 .debug_macro   0x000000000002253a      0x21c ./Core/Src/system_stm32f4xx.o
 .debug_macro   0x0000000000022756       0x7c ./Drivers/BSP/Components/ili9341/ili9341.o
 .debug_macro   0x00000000000227d2      0x249 ./Drivers/BSP/STM32F429I-Discovery/stm32f429i_discovery.o
 .debug_macro   0x0000000000022a1b      0x258 ./Drivers/BSP/STM32F429I-Discovery/stm32f429i_discovery.o
 .debug_macro   0x0000000000022c73      0x28f ./Drivers/BSP/STM32F429I-Discovery/stm32f429i_discovery_lcd.o
 .debug_macro   0x0000000000022f02      0x23a ./Drivers/BSP/STM32F429I-Discovery/stm32f429i_discovery_sdram.o
 .debug_macro   0x000000000002313c       0xa0 ./Drivers/BSP/STM32F429I-Discovery/stm32f429i_discovery_sdram.o
 .debug_macro   0x00000000000231dc      0x27c ./Drivers/STM32F4xx_HAL_Driver/Src/stm32f4xx_hal.o
 .debug_macro   0x0000000000023458      0x21c ./Drivers/STM32F4xx_HAL_Driver/Src/stm32f4xx_hal_cortex.o
 .debug_macro   0x0000000000023674      0x222 ./Drivers/STM32F4xx_HAL_Driver/Src/stm32f4xx_hal_dma.o
 .debug_macro   0x0000000000023896      0x22b ./Drivers/STM32F4xx_HAL_Driver/Src/stm32f4xx_hal_dma2d.o
 .debug_macro   0x0000000000023ac1      0x222 ./Drivers/STM32F4xx_HAL_Driver/Src/stm32f4xx_hal_gpio.o
 .debug_macro   0x0000000000023ce3      0x263 ./Drivers/STM32F4xx_HAL_Driver/Src/stm32f4xx_hal_i2c.o
 .debug_macro   0x0000000000023f46      0x21c ./Drivers/STM32F4xx_HAL_Driver/Src/stm32f4xx_hal_i2c_ex.o
 .debug_macro   0x0000000000024162      0x224 ./Drivers/STM32F4xx_HAL_Driver/Src/stm32f4xx_hal_ltdc.o
 .debug_macro   0x0000000000024386      0x234 ./Drivers/STM32F4xx_HAL_Driver/Src/stm32f4xx_hal_pwr_ex.o
 .debug_macro   0x00000000000245ba      0x240 ./Drivers/STM32F4xx_HAL_Driver/Src/stm32f4xx_hal_rcc.o
 .debug_macro   0x00000000000247fa      0x21c ./Drivers/STM32F4xx_HAL_Driver/Src/stm32f4xx_hal_rcc_ex.o
 .debug_macro   0x0000000000024a16      0x21c ./Drivers/STM32F4xx_HAL_Driver/Src/stm32f4xx_hal_sdram.o
 .debug_macro   0x0000000000024c32      0x22b ./Drivers/STM32F4xx_HAL_Driver/Src/stm32f4xx_hal_spi.o
 .debug_macro   0x0000000000024e5d      0x21d ./Drivers/STM32F4xx_HAL_Driver/Src/stm32f4xx_hal_uart.o
 .debug_macro   0x000000000002507a      0x265 ./Drivers/STM32F4xx_HAL_Driver/Src/stm32f4xx_ll_fmc.o

.debug_line     0x0000000000000000    0x177e8
 .debug_line    0x0000000000000000      0xb77 ./Core/Src/main.o
 .debug_line    0x0000000000000b77      0xa34 ./Core/Src/stm32f4xx_hal_msp.o
 .debug_line    0x00000000000015ab      0x7f4 ./Core/Src/stm32f4xx_it.o
 .debug_line    0x0000000000001d9f      0x7b3 ./Core/Src/system_stm32f4xx.o
 .debug_line    0x0000000000002552       0x88 ./Core/Startup/startup_stm32f429zitx.o
 .debug_line    0x00000000000025da      0x4f0 ./Drivers/BSP/Components/ili9341/ili9341.o
 .debug_line    0x0000000000002aca      0xc83 ./Drivers/BSP/STM32F429I-Discovery/stm32f429i_discovery.o
 .debug_line    0x000000000000374d     0x1627 ./Drivers/BSP/STM32F429I-Discovery/stm32f429i_discovery_lcd.o
 .debug_line    0x0000000000004d74      0x978 ./Drivers/BSP/STM32F429I-Discovery/stm32f429i_discovery_sdram.o
 .debug_line    0x00000000000056ec      0xa4f ./Drivers/STM32F4xx_HAL_Driver/Src/stm32f4xx_hal.o
 .debug_line    0x000000000000613b      0xcc8 ./Drivers/STM32F4xx_HAL_Driver/Src/stm32f4xx_hal_cortex.o
 .debug_line    0x0000000000006e03      0xf7d ./Drivers/STM32F4xx_HAL_Driver/Src/stm32f4xx_hal_dma.o
 .debug_line    0x0000000000007d80     0x11d1 ./Drivers/STM32F4xx_HAL_Driver/Src/stm32f4xx_hal_dma2d.o
 .debug_line    0x0000000000008f51      0xbb5 ./Drivers/STM32F4xx_HAL_Driver/Src/stm32f4xx_hal_gpio.o
 .debug_line    0x0000000000009b06     0x39ce ./Drivers/STM32F4xx_HAL_Driver/Src/stm32f4xx_hal_i2c.o
 .debug_line    0x000000000000d4d4      0x7ac ./Drivers/STM32F4xx_HAL_Driver/Src/stm32f4xx_hal_i2c_ex.o
 .debug_line    0x000000000000dc80     0x174c ./Drivers/STM32F4xx_HAL_Driver/Src/stm32f4xx_hal_ltdc.o
 .debug_line    0x000000000000f3cc      0x948 ./Drivers/STM32F4xx_HAL_Driver/Src/stm32f4xx_hal_pwr_ex.o
 .debug_line    0x000000000000fd14      0xd95 ./Drivers/STM32F4xx_HAL_Driver/Src/stm32f4xx_hal_rcc.o
 .debug_line    0x0000000000010aa9      0xbea ./Drivers/STM32F4xx_HAL_Driver/Src/stm32f4xx_hal_rcc_ex.o
 .debug_line    0x0000000000011693      0xe19 ./Drivers/STM32F4xx_HAL_Driver/Src/stm32f4xx_hal_sdram.o
 .debug_line    0x00000000000124ac     0x1ca3 ./Drivers/STM32F4xx_HAL_Driver/Src/stm32f4xx_hal_spi.o
 .debug_line    0x000000000001414f     0x2abe ./Drivers/STM32F4xx_HAL_Driver/Src/stm32f4xx_hal_uart.o
 .debug_line    0x0000000000016c0d      0xbdb ./Drivers/STM32F4xx_HAL_Driver/Src/stm32f4xx_ll_fmc.o

.debug_str      0x0000000000000000    0xdc8bc
 .debug_str     0x0000000000000000    0xd724f ./Core/Src/main.o
                                      0xd7669 (size before relaxing)
 .debug_str     0x00000000000d724f      0x2d3 ./Core/Src/stm32f4xx_hal_msp.o
                                      0xd531d (size before relaxing)
 .debug_str     0x00000000000d7522       0xc9 ./Core/Src/stm32f4xx_it.o
                                      0xd4196 (size before relaxing)
 .debug_str     0x00000000000d75eb       0xdb ./Core/Src/system_stm32f4xx.o
                                      0xd42d3 (size before relaxing)
 .debug_str     0x00000000000d76c6       0x36 ./Core/Startup/startup_stm32f429zitx.o
                                         0x63 (size before relaxing)
 .debug_str     0x00000000000d76fc      0x183 ./Drivers/BSP/Components/ili9341/ili9341.o
                                       0x44d7 (size before relaxing)
 .debug_str     0x00000000000d787f      0xab2 ./Drivers/BSP/STM32F429I-Discovery/stm32f429i_discovery.o
                                      0xd64f1 (size before relaxing)
 .debug_str     0x00000000000d8331      0x8e0 ./Drivers/BSP/STM32F429I-Discovery/stm32f429i_discovery_lcd.o
                                      0xd7517 (size before relaxing)
 .debug_str     0x00000000000d8c11      0x2ab ./Drivers/BSP/STM32F429I-Discovery/stm32f429i_discovery_sdram.o
                                      0xd63f3 (size before relaxing)
 .debug_str     0x00000000000d8ebc      0x63e ./Drivers/STM32F4xx_HAL_Driver/Src/stm32f4xx_hal.o
                                      0xd4ef6 (size before relaxing)
 .debug_str     0x00000000000d94fa      0x31c ./Drivers/STM32F4xx_HAL_Driver/Src/stm32f4xx_hal_cortex.o
                                      0xd4bdb (size before relaxing)
 .debug_str     0x00000000000d9816      0x2e1 ./Drivers/STM32F4xx_HAL_Driver/Src/stm32f4xx_hal_dma.o
                                      0xd46da (size before relaxing)
 .debug_str     0x00000000000d9af7      0x357 ./Drivers/STM32F4xx_HAL_Driver/Src/stm32f4xx_hal_dma2d.o
                                      0xd48af (size before relaxing)
 .debug_str     0x00000000000d9e4e       0xfd ./Drivers/STM32F4xx_HAL_Driver/Src/stm32f4xx_hal_gpio.o
                                      0xd444e (size before relaxing)
 .debug_str     0x00000000000d9f4b      0xa69 ./Drivers/STM32F4xx_HAL_Driver/Src/stm32f4xx_hal_i2c.o
                                      0xd5290 (size before relaxing)
 .debug_str     0x00000000000da9b4       0x3b ./Drivers/STM32F4xx_HAL_Driver/Src/stm32f4xx_hal_i2c_ex.o
                                      0xd46a2 (size before relaxing)
 .debug_str     0x00000000000da9ef      0x25e ./Drivers/STM32F4xx_HAL_Driver/Src/stm32f4xx_hal_ltdc.o
                                      0xd4937 (size before relaxing)
 .debug_str     0x00000000000dac4d      0x135 ./Drivers/STM32F4xx_HAL_Driver/Src/stm32f4xx_hal_pwr_ex.o
                                      0xd44ab (size before relaxing)
 .debug_str     0x00000000000dad82      0x213 ./Drivers/STM32F4xx_HAL_Driver/Src/stm32f4xx_hal_rcc.o
                                      0xd4707 (size before relaxing)
 .debug_str     0x00000000000daf95      0x12b ./Drivers/STM32F4xx_HAL_Driver/Src/stm32f4xx_hal_rcc_ex.o
                                      0xd44ce (size before relaxing)
 .debug_str     0x00000000000db0c0      0x2e0 ./Drivers/STM32F4xx_HAL_Driver/Src/stm32f4xx_hal_sdram.o
                                      0xd49f3 (size before relaxing)
 .debug_str     0x00000000000db3a0      0x4f9 ./Drivers/STM32F4xx_HAL_Driver/Src/stm32f4xx_hal_spi.o
                                      0xd4b84 (size before relaxing)
 .debug_str     0x00000000000db899      0x5eb ./Drivers/STM32F4xx_HAL_Driver/Src/stm32f4xx_hal_uart.o
                                      0xd4c93 (size before relaxing)
 .debug_str     0x00000000000dbe84      0xa38 ./Drivers/STM32F4xx_HAL_Driver/Src/stm32f4xx_ll_fmc.o
                                      0xd4ebd (size before relaxing)

.comment        0x0000000000000000       0x50
 .comment       0x0000000000000000       0x50 ./Core/Src/main.o
                                         0x51 (size before relaxing)
 .comment       0x0000000000000050       0x51 ./Core/Src/stm32f4xx_hal_msp.o
 .comment       0x0000000000000050       0x51 ./Core/Src/stm32f4xx_it.o
 .comment       0x0000000000000050       0x51 ./Core/Src/system_stm32f4xx.o
 .comment       0x0000000000000050       0x51 ./Drivers/BSP/Components/ili9341/ili9341.o
 .comment       0x0000000000000050       0x51 ./Drivers/BSP/STM32F429I-Discovery/stm32f429i_discovery.o
 .comment       0x0000000000000050       0x51 ./Drivers/BSP/STM32F429I-Discovery/stm32f429i_discovery_lcd.o
 .comment       0x0000000000000050       0x51 ./Drivers/BSP/STM32F429I-Discovery/stm32f429i_discovery_sdram.o
 .comment       0x0000000000000050       0x51 ./Drivers/STM32F4xx_HAL_Driver/Src/stm32f4xx_hal.o
 .comment       0x0000000000000050       0x51 ./Drivers/STM32F4xx_HAL_Driver/Src/stm32f4xx_hal_cortex.o
 .comment       0x0000000000000050       0x51 ./Drivers/STM32F4xx_HAL_Driver/Src/stm32f4xx_hal_dma.o
 .comment       0x0000000000000050       0x51 ./Drivers/STM32F4xx_HAL_Driver/Src/stm32f4xx_hal_dma2d.o
 .comment       0x0000000000000050       0x51 ./Drivers/STM32F4xx_HAL_Driver/Src/stm32f4xx_hal_gpio.o
 .comment       0x0000000000000050       0x51 ./Drivers/STM32F4xx_HAL_Driver/Src/stm32f4xx_hal_i2c.o
 .comment       0x0000000000000050       0x51 ./Drivers/STM32F4xx_HAL_Driver/Src/stm32f4xx_hal_i2c_ex.o
 .comment       0x0000000000000050       0x51 ./Drivers/STM32F4xx_HAL_Driver/Src/stm32f4xx_hal_ltdc.o
 .comment       0x0000000000000050       0x51 ./Drivers/STM32F4xx_HAL_Driver/Src/stm32f4xx_hal_pwr_ex.o
 .comment       0x0000000000000050       0x51 ./Drivers/STM32F4xx_HAL_Driver/Src/stm32f4xx_hal_rcc.o
 .comment       0x0000000000000050       0x51 ./Drivers/STM32F4xx_HAL_Driver/Src/stm32f4xx_hal_rcc_ex.o
 .comment       0x0000000000000050       0x51 ./Drivers/STM32F4xx_HAL_Driver/Src/stm32f4xx_hal_sdram.o
 .comment       0x0000000000000050       0x51 ./Drivers/STM32F4xx_HAL_Driver/Src/stm32f4xx_hal_spi.o
 .comment       0x0000000000000050       0x51 ./Drivers/STM32F4xx_HAL_Driver/Src/stm32f4xx_hal_uart.o
 .comment       0x0000000000000050       0x51 ./Drivers/STM32F4xx_HAL_Driver/Src/stm32f4xx_ll_fmc.o

.debug_frame    0x0000000000000000     0x561c
 .debug_frame   0x0000000000000000      0x170 ./Core/Src/main.o
 .debug_frame   0x0000000000000170      0x234 ./Core/Src/stm32f4xx_hal_msp.o
 .debug_frame   0x00000000000003a4      0x104 ./Core/Src/stm32f4xx_it.o
 .debug_frame   0x00000000000004a8       0x58 ./Core/Src/system_stm32f4xx.o
 .debug_frame   0x0000000000000500      0x12c ./Drivers/BSP/Components/ili9341/ili9341.o
 .debug_frame   0x000000000000062c      0x4ec ./Drivers/BSP/STM32F429I-Discovery/stm32f429i_discovery.o
 .debug_frame   0x0000000000000b18      0x75c ./Drivers/BSP/STM32F429I-Discovery/stm32f429i_discovery_lcd.o
 .debug_frame   0x0000000000001274      0x168 ./Drivers/BSP/STM32F429I-Discovery/stm32f429i_discovery_sdram.o
 .debug_frame   0x00000000000013dc      0x3b4 ./Drivers/STM32F4xx_HAL_Driver/Src/stm32f4xx_hal.o
 .debug_frame   0x0000000000001790      0x498 ./Drivers/STM32F4xx_HAL_Driver/Src/stm32f4xx_hal_cortex.o
 .debug_frame   0x0000000000001c28      0x250 ./Drivers/STM32F4xx_HAL_Driver/Src/stm32f4xx_hal_dma.o
 .debug_frame   0x0000000000001e78      0x4e0 ./Drivers/STM32F4xx_HAL_Driver/Src/stm32f4xx_hal_dma2d.o
 .debug_frame   0x0000000000002358      0x14c ./Drivers/STM32F4xx_HAL_Driver/Src/stm32f4xx_hal_gpio.o
 .debug_frame   0x00000000000024a4      0xc5c ./Drivers/STM32F4xx_HAL_Driver/Src/stm32f4xx_hal_i2c.o
 .debug_frame   0x0000000000003100       0x60 ./Drivers/STM32F4xx_HAL_Driver/Src/stm32f4xx_hal_i2c_ex.o
 .debug_frame   0x0000000000003160      0x61c ./Drivers/STM32F4xx_HAL_Driver/Src/stm32f4xx_hal_ltdc.o
 .debug_frame   0x000000000000377c      0x14c ./Drivers/STM32F4xx_HAL_Driver/Src/stm32f4xx_hal_pwr_ex.o
 .debug_frame   0x00000000000038c8      0x1f4 ./Drivers/STM32F4xx_HAL_Driver/Src/stm32f4xx_hal_rcc.o
 .debug_frame   0x0000000000003abc      0x13c ./Drivers/STM32F4xx_HAL_Driver/Src/stm32f4xx_hal_rcc_ex.o
 .debug_frame   0x0000000000003bf8      0x3e8 ./Drivers/STM32F4xx_HAL_Driver/Src/stm32f4xx_hal_sdram.o
 .debug_frame   0x0000000000003fe0      0x824 ./Drivers/STM32F4xx_HAL_Driver/Src/stm32f4xx_hal_spi.o
 .debug_frame   0x0000000000004804      0x92c ./Drivers/STM32F4xx_HAL_Driver/Src/stm32f4xx_hal_uart.o
 .debug_frame   0x0000000000005130      0x440 ./Drivers/STM32F4xx_HAL_Driver/Src/stm32f4xx_ll_fmc.o
 .debug_frame   0x0000000000005570       0x2c /opt/st/stm32cubeide_1.12.0/plugins/com.st.stm32cube.ide.mcu.externaltools.gnu-tools-for-stm32.10.3-2021.10.linux64_1.0.200.202301161003/tools/bin/../lib/gcc/arm-none-eabi/10.3.1/../../../../arm-none-eabi/lib/thumb/v7e-m+fp/hard/libc_nano.a(lib_a-init.o)
 .debug_frame   0x000000000000559c       0x20 /opt/st/stm32cubeide_1.12.0/plugins/com.st.stm32cube.ide.mcu.externaltools.gnu-tools-for-stm32.10.3-2021.10.linux64_1.0.200.202301161003/tools/bin/../lib/gcc/arm-none-eabi/10.3.1/../../../../arm-none-eabi/lib/thumb/v7e-m+fp/hard/libc_nano.a(lib_a-memset.o)
 .debug_frame   0x00000000000055bc       0x2c /opt/st/stm32cubeide_1.12.0/plugins/com.st.stm32cube.ide.mcu.externaltools.gnu-tools-for-stm32.10.3-2021.10.linux64_1.0.200.202301161003/tools/bin/../lib/gcc/arm-none-eabi/10.3.1/thumb/v7e-m+fp/hard/libgcc.a(_aeabi_uldivmod.o)
 .debug_frame   0x00000000000055e8       0x34 /opt/st/stm32cubeide_1.12.0/plugins/com.st.stm32cube.ide.mcu.externaltools.gnu-tools-for-stm32.10.3-2021.10.linux64_1.0.200.202301161003/tools/bin/../lib/gcc/arm-none-eabi/10.3.1/thumb/v7e-m+fp/hard/libgcc.a(_udivmoddi4.o)
