../Drivers/BSP/STM32F429I-Discovery/stm32f429i_discovery_gyroscope.c:79:9:BSP_GYRO_Init	24	static
../Drivers/BSP/STM32F429I-Discovery/stm32f429i_discovery_gyroscope.c:175:9:BSP_GYRO_ReadID	16	static
../Drivers/BSP/STM32F429I-Discovery/stm32f429i_discovery_gyroscope.c:187:6:BSP_GYRO_Reset	8	static
../Drivers/BSP/STM32F429I-Discovery/stm32f429i_discovery_gyroscope.c:198:6:BSP_GYRO_ITConfig	24	static
../Drivers/BSP/STM32F429I-Discovery/stm32f429i_discovery_gyroscope.c:221:6:BSP_GYRO_EnableIT	16	static
../Drivers/BSP/STM32F429I-Discovery/stm32f429i_discovery_gyroscope.c:236:6:BSP_GYRO_DisableIT	16	static
../Drivers/BSP/STM32F429I-Discovery/stm32f429i_discovery_gyroscope.c:246:6:BSP_GYRO_GetXYZ	16	static
