../Drivers/BSP/STM32F429I-Discovery/stm32f429i_discovery_lcd.c:138:9:BSP_LCD_Init	8	static
../Drivers/BSP/STM32F429I-Discovery/stm32f429i_discovery_lcd.c:220:10:BSP_LCD_GetXSize	8	static
../Drivers/BSP/STM32F429I-Discovery/stm32f429i_discovery_lcd.c:228:10:BSP_LCD_GetYSize	8	static
../Drivers/BSP/STM32F429I-Discovery/stm32f429i_discovery_lcd.c:237:6:BSP_LCD_LayerDefaultInit	72	static
../Drivers/BSP/STM32F429I-Discovery/stm32f429i_discovery_lcd.c:271:6:BSP_LCD_SelectLayer	16	static
../Drivers/BSP/STM32F429I-Discovery/stm32f429i_discovery_lcd.c:281:6:BSP_LCD_SetLayerVisible	16	static
../Drivers/BSP/STM32F429I-Discovery/stm32f429i_discovery_lcd.c:299:6:BSP_LCD_SetLayerVisible_NoReload	16	static
../Drivers/BSP/STM32F429I-Discovery/stm32f429i_discovery_lcd.c:315:6:BSP_LCD_SetTransparency	16	static
../Drivers/BSP/STM32F429I-Discovery/stm32f429i_discovery_lcd.c:326:6:BSP_LCD_SetTransparency_NoReload	16	static
../Drivers/BSP/STM32F429I-Discovery/stm32f429i_discovery_lcd.c:335:6:BSP_LCD_SetLayerAddress	16	static
../Drivers/BSP/STM32F429I-Discovery/stm32f429i_discovery_lcd.c:345:6:BSP_LCD_SetLayerAddress_NoReload	16	static
../Drivers/BSP/STM32F429I-Discovery/stm32f429i_discovery_lcd.c:357:6:BSP_LCD_SetLayerWindow	24	static
../Drivers/BSP/STM32F429I-Discovery/stm32f429i_discovery_lcd.c:375:6:BSP_LCD_SetLayerWindow_NoReload	24	static
../Drivers/BSP/STM32F429I-Discovery/stm32f429i_discovery_lcd.c:389:6:BSP_LCD_SetColorKeying	16	static
../Drivers/BSP/STM32F429I-Discovery/stm32f429i_discovery_lcd.c:401:6:BSP_LCD_SetColorKeying_NoReload	16	static
../Drivers/BSP/STM32F429I-Discovery/stm32f429i_discovery_lcd.c:411:6:BSP_LCD_ResetColorKeying	16	static
../Drivers/BSP/STM32F429I-Discovery/stm32f429i_discovery_lcd.c:421:6:BSP_LCD_ResetColorKeying_NoReload	16	static
../Drivers/BSP/STM32F429I-Discovery/stm32f429i_discovery_lcd.c:433:6:BSP_LCD_Relaod	16	static
../Drivers/BSP/STM32F429I-Discovery/stm32f429i_discovery_lcd.c:441:10:BSP_LCD_GetTextColor	4	static
../Drivers/BSP/STM32F429I-Discovery/stm32f429i_discovery_lcd.c:449:10:BSP_LCD_GetBackColor	4	static
../Drivers/BSP/STM32F429I-Discovery/stm32f429i_discovery_lcd.c:457:6:BSP_LCD_SetTextColor	16	static
../Drivers/BSP/STM32F429I-Discovery/stm32f429i_discovery_lcd.c:465:6:BSP_LCD_SetBackColor	16	static
../Drivers/BSP/STM32F429I-Discovery/stm32f429i_discovery_lcd.c:473:6:BSP_LCD_SetFont	16	static
../Drivers/BSP/STM32F429I-Discovery/stm32f429i_discovery_lcd.c:481:8:BSP_LCD_GetFont	4	static
../Drivers/BSP/STM32F429I-Discovery/stm32f429i_discovery_lcd.c:491:10:BSP_LCD_ReadPixel	32	static
../Drivers/BSP/STM32F429I-Discovery/stm32f429i_discovery_lcd.c:527:6:BSP_LCD_Clear	40	static
../Drivers/BSP/STM32F429I-Discovery/stm32f429i_discovery_lcd.c:538:6:BSP_LCD_ClearStringLine	32	static
../Drivers/BSP/STM32F429I-Discovery/stm32f429i_discovery_lcd.c:556:6:BSP_LCD_DisplayChar	24	static
../Drivers/BSP/STM32F429I-Discovery/stm32f429i_discovery_lcd.c:575:6:BSP_LCD_DisplayStringAt	48	static
../Drivers/BSP/STM32F429I-Discovery/stm32f429i_discovery_lcd.c:627:6:BSP_LCD_DisplayStringAtLine	16	static
../Drivers/BSP/STM32F429I-Discovery/stm32f429i_discovery_lcd.c:637:6:BSP_LCD_DrawHLine	40	static
../Drivers/BSP/STM32F429I-Discovery/stm32f429i_discovery_lcd.c:655:6:BSP_LCD_DrawVLine	48	static
../Drivers/BSP/STM32F429I-Discovery/stm32f429i_discovery_lcd.c:674:6:BSP_LCD_DrawLine	56	static
../Drivers/BSP/STM32F429I-Discovery/stm32f429i_discovery_lcd.c:743:6:BSP_LCD_DrawRect	24	static
../Drivers/BSP/STM32F429I-Discovery/stm32f429i_discovery_lcd.c:760:6:BSP_LCD_DrawCircle	40	static
../Drivers/BSP/STM32F429I-Discovery/stm32f429i_discovery_lcd.c:802:6:BSP_LCD_DrawPolygon	32	static
../Drivers/BSP/STM32F429I-Discovery/stm32f429i_discovery_lcd.c:827:6:BSP_LCD_DrawEllipse	64	static
../Drivers/BSP/STM32F429I-Discovery/stm32f429i_discovery_lcd.c:863:6:BSP_LCD_DrawBitmap	56	static
../Drivers/BSP/STM32F429I-Discovery/stm32f429i_discovery_lcd.c:915:6:BSP_LCD_FillRect	48	static
../Drivers/BSP/STM32F429I-Discovery/stm32f429i_discovery_lcd.c:937:6:BSP_LCD_FillCircle	32	static
../Drivers/BSP/STM32F429I-Discovery/stm32f429i_discovery_lcd.c:981:6:BSP_LCD_FillTriangle	56	static
../Drivers/BSP/STM32F429I-Discovery/stm32f429i_discovery_lcd.c:1050:6:BSP_LCD_FillPolygon	64	static
../Drivers/BSP/STM32F429I-Discovery/stm32f429i_discovery_lcd.c:1111:6:BSP_LCD_FillEllipse	56	static
../Drivers/BSP/STM32F429I-Discovery/stm32f429i_discovery_lcd.c:1139:6:BSP_LCD_DisplayOn	8	static
../Drivers/BSP/STM32F429I-Discovery/stm32f429i_discovery_lcd.c:1148:6:BSP_LCD_DisplayOff	8	static
../Drivers/BSP/STM32F429I-Discovery/stm32f429i_discovery_lcd.c:1161:13:BSP_LCD_MspInit	64	static
../Drivers/BSP/STM32F429I-Discovery/stm32f429i_discovery_lcd.c:1244:6:BSP_LCD_DrawPixel	24	static
../Drivers/BSP/STM32F429I-Discovery/stm32f429i_discovery_lcd.c:1256:13:DrawChar	40	static
../Drivers/BSP/STM32F429I-Discovery/stm32f429i_discovery_lcd.c:1308:13:FillBuffer	32	static
../Drivers/BSP/STM32F429I-Discovery/stm32f429i_discovery_lcd.c:1337:13:ConvertLineToARGB8888	32	static
