../Core/Src/main.c:85:5:main	8	static
../Core/Src/main.c:135:6:SystemClock_Config	88	static
../Core/Src/main.c:188:13:MX_DMA2D_Init	8	static
../Core/Src/main.c:225:13:MX_I2C3_Init	8	static
../Core/Src/main.c:267:13:ClearScreen	8	static
../Core/Src/main.c:273:13:Display_DemoDescription	112	static
../Core/Src/main.c:391:13:MX_LTDC_Init	112	static
../Core/Src/main.c:473:13:MX_SPI5_Init	8	static
../Core/Src/main.c:511:13:MX_USART1_UART_Init	8	static
../Core/Src/main.c:540:13:MX_FMC_Init	40	static
../Core/Src/main.c:591:13:MX_GPIO_Init	40	static
../Core/Src/main.c:618:6:Error_Handler	4	static,ignoring_inline_asm
