../Core/Src/main.c:116:5:main	72	static
../Core/Src/main.c:216:6:SystemClock_Config	88	static
../Core/Src/main.c:263:13:MX_CRC_Init	8	static
../Core/Src/main.c:289:13:MX_DMA2D_Init	8	static
../Core/Src/main.c:327:13:MX_I2C3_Init	8	static
../Core/Src/main.c:375:13:MX_LTDC_Init	64	static
../Core/Src/main.c:437:13:MX_RTC_Init	32	static
../Core/Src/main.c:500:13:MX_SPI5_Init	8	static
../Core/Src/main.c:538:13:MX_TIM1_Init	32	static
../Core/Src/main.c:584:13:MX_USART1_UART_Init	8	static
../Core/Src/main.c:613:13:MX_FMC_Init	40	static
../Core/Src/main.c:664:13:MX_GPIO_Init	64	static
../Core/Src/main.c:759:6:StartDefaultTask	16	static
../Core/Src/main.c:780:6:HAL_TIM_PeriodElapsedCallback	16	static
../Core/Src/main.c:797:6:Error_Handler	4	static,ignoring_inline_asm
