../Core/Src/main.c:85:5:main	8	static
../Core/Src/main.c:135:6:SystemClock_Config	88	static
../Core/Src/main.c:188:13:MX_DMA2D_Init	8	static
../Core/Src/main.c:225:13:MX_I2C3_Init	8	static
../Core/Src/main.c:267:13:Display_DemoDescription	72	static
../Core/Src/main.c:306:13:MX_LTDC_Init	112	static
../Core/Src/main.c:388:13:MX_SPI5_Init	8	static
../Core/Src/main.c:426:13:MX_USART1_UART_Init	8	static
../Core/Src/main.c:455:13:MX_FMC_Init	40	static
../Core/Src/main.c:506:13:MX_GPIO_Init	40	static
../Core/Src/main.c:533:6:Error_Handler	4	static,ignoring_inline_asm
