../Drivers/BSP/STM32F429I-Discovery/stm32f429i_discovery_io.c:87:9:BSP_IO_Init	16	static
../Drivers/BSP/STM32F429I-Discovery/stm32f429i_discovery_io.c:110:9:BSP_IO_ITGetStatus	16	static
../Drivers/BSP/STM32F429I-Discovery/stm32f429i_discovery_io.c:118:6:BSP_IO_ITClear	8	static
../Drivers/BSP/STM32F429I-Discovery/stm32f429i_discovery_io.c:136:6:BSP_IO_ConfigPin	16	static
../Drivers/BSP/STM32F429I-Discovery/stm32f429i_discovery_io.c:147:6:BSP_IO_WritePin	16	static
../Drivers/BSP/STM32F429I-Discovery/stm32f429i_discovery_io.c:158:10:BSP_IO_ReadPin	16	static
../Drivers/BSP/STM32F429I-Discovery/stm32f429i_discovery_io.c:167:6:BSP_IO_TogglePin	16	static
